Feb 23 12:58:35 Shounak-1998 kernel: The list of certified hardware and cloud instances for Red Hat Enterprise Linux 9 can be viewed at the Red Hat Ecosystem Catalog, https://catalog.redhat.com.
Feb 23 12:58:35 Shounak-1998 kernel: Command line: BOOT_IMAGE=(hd0,msdos1)/vmlinuz-5.14.0-412.el9.x86_64 root=/dev/mapper/cs-root ro crashkernel=1G-4G:192M,4G-64G:256M,64G-:512M resume=/dev/mapper/cs-swap rd.lvm.lv=cs/root rd.lvm.lv=cs/swap rhgb quiet
Feb 23 12:58:35 Shounak-1998 kernel: [Firmware Bug]: TSC doesn't count with P0 frequency!
Feb 23 12:58:35 Shounak-1998 kernel: x86/fpu: Supporting XSAVE feature 0x001: 'x87 floating point registers'
Feb 23 12:58:35 Shounak-1998 kernel: x86/fpu: Supporting XSAVE feature 0x002: 'SSE registers'
Feb 23 12:58:35 Shounak-1998 kernel: x86/fpu: Supporting XSAVE feature 0x004: 'AVX registers'
Feb 23 12:58:35 Shounak-1998 kernel: x86/fpu: xstate_offset[2]:  576, xstate_sizes[2]:  256
Feb 23 12:58:35 Shounak-1998 kernel: x86/fpu: Enabled xstate features 0x7, context size is 832 bytes, using 'standard' format.
Feb 23 12:58:35 Shounak-1998 kernel: signal: max sigframe size: 1776
Feb 23 12:58:35 Shounak-1998 kernel: BIOS-provided physical RAM map:
Feb 23 12:58:35 Shounak-1998 kernel: BIOS-e820: [mem 0x0000000000000000-0x000000000009fbff] usable
Feb 23 12:58:35 Shounak-1998 kernel: BIOS-e820: [mem 0x000000000009fc00-0x000000000009ffff] reserved
Feb 23 12:58:35 Shounak-1998 kernel: BIOS-e820: [mem 0x00000000000f0000-0x00000000000fffff] reserved
Feb 23 12:58:35 Shounak-1998 kernel: BIOS-e820: [mem 0x0000000000100000-0x000000007ffeffff] usable
Feb 23 12:58:35 Shounak-1998 kernel: BIOS-e820: [mem 0x000000007fff0000-0x000000007fffffff] ACPI data
Feb 23 12:58:35 Shounak-1998 kernel: BIOS-e820: [mem 0x00000000fec00000-0x00000000fec00fff] reserved
Feb 23 12:58:35 Shounak-1998 kernel: BIOS-e820: [mem 0x00000000fee00000-0x00000000fee00fff] reserved
Feb 23 12:58:35 Shounak-1998 kernel: BIOS-e820: [mem 0x00000000fffc0000-0x00000000ffffffff] reserved
Feb 23 12:58:35 Shounak-1998 kernel: NX (Execute Disable) protection: active
Feb 23 12:58:35 Shounak-1998 kernel: SMBIOS 2.5 present.
Feb 23 12:58:35 Shounak-1998 kernel: DMI: innotek GmbH VirtualBox/VirtualBox, BIOS VirtualBox 12/01/2006
Feb 23 12:58:35 Shounak-1998 kernel: Hypervisor detected: KVM
Feb 23 12:58:35 Shounak-1998 kernel: kvm-clock: Using msrs 4b564d01 and 4b564d00
Feb 23 12:58:35 Shounak-1998 kernel: kvm-clock: using sched offset of 5451398329 cycles
Feb 23 12:58:35 Shounak-1998 kernel: clocksource: kvm-clock: mask: 0xffffffffffffffff max_cycles: 0x1cd42e4dffb, max_idle_ns: 881590591483 ns
Feb 23 12:58:35 Shounak-1998 kernel: tsc: Detected 2096.060 MHz processor
Feb 23 12:58:35 Shounak-1998 kernel: last_pfn = 0x7fff0 max_arch_pfn = 0x400000000
Feb 23 12:58:35 Shounak-1998 kernel: MTRRs disabled by BIOS
Feb 23 12:58:35 Shounak-1998 kernel: x86/PAT: Configuration [0-7]: WB  WC  UC- UC  WB  WP  UC- WT  
Feb 23 12:58:35 Shounak-1998 kernel: found SMP MP-table at [mem 0x0009fff0-0x0009ffff]
Feb 23 12:58:35 Shounak-1998 kernel: RAMDISK: [mem 0x314a9000-0x34a4cfff]
Feb 23 12:58:35 Shounak-1998 kernel: ACPI: Early table checksum verification disabled
Feb 23 12:58:35 Shounak-1998 kernel: ACPI: RSDP 0x00000000000E0000 000024 (v02 VBOX  )
Feb 23 12:58:35 Shounak-1998 kernel: ACPI: XSDT 0x000000007FFF0030 00003C (v01 VBOX   VBOXXSDT 00000001 ASL  00000061)
Feb 23 12:58:35 Shounak-1998 kernel: ACPI: FACP 0x000000007FFF00F0 0000F4 (v04 VBOX   VBOXFACP 00000001 ASL  00000061)
Feb 23 12:58:35 Shounak-1998 kernel: ACPI: DSDT 0x000000007FFF0610 002353 (v02 VBOX   VBOXBIOS 00000002 INTL 20100528)
Feb 23 12:58:35 Shounak-1998 kernel: ACPI: FACS 0x000000007FFF0200 000040
Feb 23 12:58:35 Shounak-1998 kernel: ACPI: FACS 0x000000007FFF0200 000040
Feb 23 12:58:35 Shounak-1998 kernel: ACPI: APIC 0x000000007FFF0240 00005C (v02 VBOX   VBOXAPIC 00000001 ASL  00000061)
Feb 23 12:58:35 Shounak-1998 kernel: ACPI: SSDT 0x000000007FFF02A0 00036C (v01 VBOX   VBOXCPUT 00000002 INTL 20100528)
Feb 23 12:58:35 Shounak-1998 kernel: ACPI: Reserving FACP table memory at [mem 0x7fff00f0-0x7fff01e3]
Feb 23 12:58:35 Shounak-1998 kernel: ACPI: Reserving DSDT table memory at [mem 0x7fff0610-0x7fff2962]
Feb 23 12:58:35 Shounak-1998 kernel: ACPI: Reserving FACS table memory at [mem 0x7fff0200-0x7fff023f]
Feb 23 12:58:35 Shounak-1998 kernel: ACPI: Reserving FACS table memory at [mem 0x7fff0200-0x7fff023f]
Feb 23 12:58:35 Shounak-1998 kernel: ACPI: Reserving APIC table memory at [mem 0x7fff0240-0x7fff029b]
Feb 23 12:58:35 Shounak-1998 kernel: ACPI: Reserving SSDT table memory at [mem 0x7fff02a0-0x7fff060b]
Feb 23 12:58:35 Shounak-1998 kernel: No NUMA configuration found
Feb 23 12:58:35 Shounak-1998 kernel: Faking a node at [mem 0x0000000000000000-0x000000007ffeffff]
Feb 23 12:58:35 Shounak-1998 kernel: NODE_DATA(0) allocated [mem 0x7ffc5000-0x7ffeffff]
Feb 23 12:58:35 Shounak-1998 kernel: Reserving 192MB of memory at 1840MB for crashkernel (System RAM: 2047MB)
Feb 23 12:58:35 Shounak-1998 kernel: Zone ranges:
Feb 23 12:58:35 Shounak-1998 kernel:  DMA      [mem 0x0000000000001000-0x0000000000ffffff]
Feb 23 12:58:35 Shounak-1998 kernel:  DMA32    [mem 0x0000000001000000-0x000000007ffeffff]
Feb 23 12:58:35 Shounak-1998 kernel:  Normal   empty
Feb 23 12:58:35 Shounak-1998 kernel:  Device   empty
Feb 23 12:58:35 Shounak-1998 kernel: Movable zone start for each node
Feb 23 12:58:35 Shounak-1998 kernel: Early memory node ranges
Feb 23 12:58:35 Shounak-1998 kernel:  node   0: [mem 0x0000000000001000-0x000000000009efff]
Feb 23 12:58:35 Shounak-1998 kernel:  node   0: [mem 0x0000000000100000-0x000000007ffeffff]
Feb 23 12:58:35 Shounak-1998 kernel: Initmem setup node 0 [mem 0x0000000000001000-0x000000007ffeffff]
Feb 23 12:58:35 Shounak-1998 kernel: On node 0, zone DMA: 1 pages in unavailable ranges
Feb 23 12:58:35 Shounak-1998 kernel: On node 0, zone DMA: 97 pages in unavailable ranges
Feb 23 12:58:35 Shounak-1998 kernel: On node 0, zone DMA32: 16 pages in unavailable ranges
Feb 23 12:58:35 Shounak-1998 kernel: ACPI: PM-Timer IO Port: 0x4008
Feb 23 12:58:35 Shounak-1998 kernel: IOAPIC[0]: apic_id 2, version 32, address 0xfec00000, GSI 0-23
Feb 23 12:58:35 Shounak-1998 kernel: ACPI: INT_SRC_OVR (bus 0 bus_irq 0 global_irq 2 dfl dfl)
Feb 23 12:58:35 Shounak-1998 kernel: ACPI: INT_SRC_OVR (bus 0 bus_irq 9 global_irq 9 low level)
Feb 23 12:58:35 Shounak-1998 kernel: ACPI: Using ACPI (MADT) for SMP configuration information
Feb 23 12:58:35 Shounak-1998 kernel: smpboot: Allowing 2 CPUs, 0 hotplug CPUs
Feb 23 12:58:35 Shounak-1998 kernel: PM: hibernation: Registered nosave memory: [mem 0x00000000-0x00000fff]
Feb 23 12:58:35 Shounak-1998 kernel: PM: hibernation: Registered nosave memory: [mem 0x0009f000-0x0009ffff]
Feb 23 12:58:35 Shounak-1998 kernel: PM: hibernation: Registered nosave memory: [mem 0x000a0000-0x000effff]
Feb 23 12:58:35 Shounak-1998 kernel: PM: hibernation: Registered nosave memory: [mem 0x000f0000-0x000fffff]
Feb 23 12:58:35 Shounak-1998 kernel: [mem 0x80000000-0xfebfffff] available for PCI devices
Feb 23 12:58:35 Shounak-1998 kernel: Booting paravirtualized kernel on KVM
Feb 23 12:58:35 Shounak-1998 kernel: clocksource: refined-jiffies: mask: 0xffffffff max_cycles: 0xffffffff, max_idle_ns: 1910969940391419 ns
Feb 23 12:58:35 Shounak-1998 kernel: setup_percpu: NR_CPUS:8192 nr_cpumask_bits:2 nr_cpu_ids:2 nr_node_ids:1
Feb 23 12:58:35 Shounak-1998 kernel: percpu: Embedded 62 pages/cpu s217088 r8192 d28672 u1048576
Feb 23 12:58:35 Shounak-1998 kernel: kvm-guest: PV spinlocks enabled
Feb 23 12:58:35 Shounak-1998 kernel: PV qspinlock hash table entries: 256 (order: 0, 4096 bytes, linear)
Feb 23 12:58:35 Shounak-1998 kernel: Fallback order for Node 0: 0 
Feb 23 12:58:35 Shounak-1998 kernel: Built 1 zonelists, mobility grouping on.  Total pages: 515824
Feb 23 12:58:35 Shounak-1998 kernel: Policy zone: DMA32
Feb 23 12:58:35 Shounak-1998 kernel: Kernel command line: BOOT_IMAGE=(hd0,msdos1)/vmlinuz-5.14.0-412.el9.x86_64 root=/dev/mapper/cs-root ro crashkernel=1G-4G:192M,4G-64G:256M,64G-:512M resume=/dev/mapper/cs-swap rd.lvm.lv=cs/root rd.lvm.lv=cs/swap rhgb quiet
Feb 23 12:58:35 Shounak-1998 kernel: Unknown kernel command line parameters "rhgb BOOT_IMAGE=(hd0,msdos1)/vmlinuz-5.14.0-412.el9.x86_64", will be passed to user space.
Feb 23 12:58:35 Shounak-1998 kernel: random: crng init done
Feb 23 12:58:35 Shounak-1998 kernel: Dentry cache hash table entries: 262144 (order: 9, 2097152 bytes, linear)
Feb 23 12:58:35 Shounak-1998 kernel: Inode-cache hash table entries: 131072 (order: 8, 1048576 bytes, linear)
Feb 23 12:58:35 Shounak-1998 kernel: mem auto-init: stack:off, heap alloc:off, heap free:off
Feb 23 12:58:35 Shounak-1998 kernel: Memory: 260860K/2096696K available (16384K kernel code, 5624K rwdata, 11732K rodata, 3876K init, 5988K bss, 340024K reserved, 0K cma-reserved)
Feb 23 12:58:35 Shounak-1998 kernel: SLUB: HWalign=64, Order=0-3, MinObjects=0, CPUs=2, Nodes=1
Feb 23 12:58:35 Shounak-1998 kernel: ftrace: allocating 46767 entries in 183 pages
Feb 23 12:58:35 Shounak-1998 kernel: ftrace: allocated 183 pages with 6 groups
Feb 23 12:58:35 Shounak-1998 kernel: Dynamic Preempt: voluntary
Feb 23 12:58:35 Shounak-1998 kernel: rcu: Preemptible hierarchical RCU implementation.
Feb 23 12:58:35 Shounak-1998 kernel: rcu: #011RCU restricting CPUs from NR_CPUS=8192 to nr_cpu_ids=2.
Feb 23 12:58:35 Shounak-1998 kernel: #011Trampoline variant of Tasks RCU enabled.
Feb 23 12:58:35 Shounak-1998 kernel: #011Rude variant of Tasks RCU enabled.
Feb 23 12:58:35 Shounak-1998 kernel: #011Tracing variant of Tasks RCU enabled.
Feb 23 12:58:35 Shounak-1998 kernel: rcu: RCU calculated value of scheduler-enlistment delay is 100 jiffies.
Feb 23 12:58:35 Shounak-1998 kernel: rcu: Adjusting geometry for rcu_fanout_leaf=16, nr_cpu_ids=2
Feb 23 12:58:35 Shounak-1998 kernel: NR_IRQS: 524544, nr_irqs: 440, preallocated irqs: 16
Feb 23 12:58:35 Shounak-1998 kernel: rcu: srcu_init: Setting srcu_struct sizes based on contention.
Feb 23 12:58:35 Shounak-1998 kernel: kfence: initialized - using 2097152 bytes for 255 objects at 0x(____ptrval____)-0x(____ptrval____)
Feb 23 12:58:35 Shounak-1998 kernel: Console: colour VGA+ 80x25
Feb 23 12:58:35 Shounak-1998 kernel: printk: console [tty0] enabled
Feb 23 12:58:35 Shounak-1998 kernel: ACPI: Core revision 20221020
Feb 23 12:58:35 Shounak-1998 kernel: APIC: Switch to symmetric I/O mode setup
Feb 23 12:58:35 Shounak-1998 kernel: x2apic enabled
Feb 23 12:58:35 Shounak-1998 kernel: Switched APIC routing to physical x2apic.
Feb 23 12:58:35 Shounak-1998 kernel: ..TIMER: vector=0x30 apic1=0 pin1=2 apic2=-1 pin2=-1
Feb 23 12:58:35 Shounak-1998 kernel: clocksource: tsc-early: mask: 0xffffffffffffffff max_cycles: 0x1e36a685b69, max_idle_ns: 440795255641 ns
Feb 23 12:58:35 Shounak-1998 kernel: Calibrating delay loop (skipped) preset value.. 4192.12 BogoMIPS (lpj=2096060)
Feb 23 12:58:35 Shounak-1998 kernel: pid_max: default: 32768 minimum: 301
Feb 23 12:58:35 Shounak-1998 kernel: LSM: initializing lsm=lockdown,capability,yama,integrity,selinux,bpf
Feb 23 12:58:35 Shounak-1998 kernel: Yama: becoming mindful.
Feb 23 12:58:35 Shounak-1998 kernel: SELinux:  Initializing.
Feb 23 12:58:35 Shounak-1998 kernel: LSM support for eBPF active
Feb 23 12:58:35 Shounak-1998 kernel: Mount-cache hash table entries: 4096 (order: 3, 32768 bytes, linear)
Feb 23 12:58:35 Shounak-1998 kernel: Mountpoint-cache hash table entries: 4096 (order: 3, 32768 bytes, linear)
Feb 23 12:58:35 Shounak-1998 kernel: AMD Zen1 DIV0 bug detected. Disable SMT for full protection.
Feb 23 12:58:35 Shounak-1998 kernel: Last level iTLB entries: 4KB 1024, 2MB 1024, 4MB 512
Feb 23 12:58:35 Shounak-1998 kernel: Last level dTLB entries: 4KB 1536, 2MB 1536, 4MB 768, 1GB 0
Feb 23 12:58:35 Shounak-1998 kernel: Spectre V1 : Mitigation: usercopy/swapgs barriers and __user pointer sanitization
Feb 23 12:58:35 Shounak-1998 kernel: Spectre V2 : Mitigation: Retpolines
Feb 23 12:58:35 Shounak-1998 kernel: Spectre V2 : Spectre v2 / SpectreRSB mitigation: Filling RSB on context switch
Feb 23 12:58:35 Shounak-1998 kernel: Spectre V2 : Spectre v2 / SpectreRSB : Filling RSB on VMEXIT
Feb 23 12:58:35 Shounak-1998 kernel: RETBleed: Mitigation: untrained return thunk
Feb 23 12:58:35 Shounak-1998 kernel: Speculative Return Stack Overflow: IBPB-extending microcode not applied!
Feb 23 12:58:35 Shounak-1998 kernel: Speculative Return Stack Overflow: WARNING: See https://kernel.org/doc/html/latest/admin-guide/hw-vuln/srso.html for mitigation options.
Feb 23 12:58:35 Shounak-1998 kernel: Speculative Return Stack Overflow: Vulnerable: Safe RET, no microcode
Feb 23 12:58:35 Shounak-1998 kernel: Freeing SMP alternatives memory: 36K
Feb 23 12:58:35 Shounak-1998 kernel: APIC calibration not consistent with PM-Timer: 108ms instead of 100ms
Feb 23 12:58:35 Shounak-1998 kernel: APIC delta adjusted to PM-Timer: 6279656 (6816671)
Feb 23 12:58:35 Shounak-1998 kernel: smpboot: CPU0: AMD Ryzen 5 3500U with Radeon Vega Mobile Gfx (family: 0x17, model: 0x18, stepping: 0x1)
Feb 23 12:58:35 Shounak-1998 kernel: cblist_init_generic: Setting adjustable number of callback queues.
Feb 23 12:58:35 Shounak-1998 kernel: cblist_init_generic: Setting shift to 1 and lim to 1.
Feb 23 12:58:35 Shounak-1998 kernel: cblist_init_generic: Setting shift to 1 and lim to 1.
Feb 23 12:58:35 Shounak-1998 kernel: cblist_init_generic: Setting shift to 1 and lim to 1.
Feb 23 12:58:35 Shounak-1998 kernel: Performance Events: PMU not available due to virtualization, using software events only.
Feb 23 12:58:35 Shounak-1998 kernel: rcu: Hierarchical SRCU implementation.
Feb 23 12:58:35 Shounak-1998 kernel: rcu: #011Max phase no-delay instances is 400.
Feb 23 12:58:35 Shounak-1998 kernel: printk: console [tty0] printing thread started
Feb 23 12:58:35 Shounak-1998 kernel: NMI watchdog: Perf NMI watchdog permanently disabled
Feb 23 12:58:35 Shounak-1998 kernel: smp: Bringing up secondary CPUs ...
Feb 23 12:58:35 Shounak-1998 kernel: x86: Booting SMP configuration:
Feb 23 12:58:35 Shounak-1998 kernel: .... node  #0, CPUs:      #1
Feb 23 12:58:35 Shounak-1998 kernel: smp: Brought up 1 node, 2 CPUs
Feb 23 12:58:35 Shounak-1998 kernel: smpboot: Max logical packages: 1
Feb 23 12:58:35 Shounak-1998 kernel: smpboot: Total of 2 processors activated (8384.24 BogoMIPS)
Feb 23 12:58:35 Shounak-1998 kernel: node 0 deferred pages initialised in 13ms
Feb 23 12:58:35 Shounak-1998 kernel: devtmpfs: initialized
Feb 23 12:58:35 Shounak-1998 kernel: x86/mm: Memory block size: 128MB
Feb 23 12:58:35 Shounak-1998 kernel: clocksource: jiffies: mask: 0xffffffff max_cycles: 0xffffffff, max_idle_ns: 1911260446275000 ns
Feb 23 12:58:35 Shounak-1998 kernel: futex hash table entries: 512 (order: 3, 32768 bytes, linear)
Feb 23 12:58:35 Shounak-1998 kernel: pinctrl core: initialized pinctrl subsystem
Feb 23 12:58:35 Shounak-1998 kernel: NET: Registered PF_NETLINK/PF_ROUTE protocol family
Feb 23 12:58:35 Shounak-1998 kernel: DMA: preallocated 256 KiB GFP_KERNEL pool for atomic allocations
Feb 23 12:58:35 Shounak-1998 kernel: DMA: preallocated 256 KiB GFP_KERNEL|GFP_DMA pool for atomic allocations
Feb 23 12:58:35 Shounak-1998 kernel: DMA: preallocated 256 KiB GFP_KERNEL|GFP_DMA32 pool for atomic allocations
Feb 23 12:58:35 Shounak-1998 kernel: audit: initializing netlink subsys (disabled)
Feb 23 12:58:35 Shounak-1998 kernel: audit: type=2000 audit(1708673321.295:1): state=initialized audit_enabled=0 res=1
Feb 23 12:58:35 Shounak-1998 kernel: thermal_sys: Registered thermal governor 'fair_share'
Feb 23 12:58:35 Shounak-1998 kernel: thermal_sys: Registered thermal governor 'step_wise'
Feb 23 12:58:35 Shounak-1998 kernel: thermal_sys: Registered thermal governor 'user_space'
Feb 23 12:58:35 Shounak-1998 kernel: cpuidle: using governor menu
Feb 23 12:58:35 Shounak-1998 kernel: acpiphp: ACPI Hot Plug PCI Controller Driver version: 0.5
Feb 23 12:58:35 Shounak-1998 kernel: PCI: Using configuration type 1 for base access
Feb 23 12:58:35 Shounak-1998 kernel: PCI: Using configuration type 1 for extended access
Feb 23 12:58:35 Shounak-1998 kernel: kprobes: kprobe jump-optimization is enabled. All kprobes are optimized if possible.
Feb 23 12:58:35 Shounak-1998 kernel: HugeTLB: registered 2.00 MiB page size, pre-allocated 0 pages
Feb 23 12:58:35 Shounak-1998 kernel: HugeTLB: 28 KiB vmemmap can be freed for a 2.00 MiB page
Feb 23 12:58:35 Shounak-1998 kernel: cryptd: max_cpu_qlen set to 1000
Feb 23 12:58:35 Shounak-1998 kernel: ACPI: Added _OSI(Module Device)
Feb 23 12:58:35 Shounak-1998 kernel: ACPI: Added _OSI(Processor Device)
Feb 23 12:58:35 Shounak-1998 kernel: ACPI: Added _OSI(3.0 _SCP Extensions)
Feb 23 12:58:35 Shounak-1998 kernel: ACPI: Added _OSI(Processor Aggregator Device)
Feb 23 12:58:35 Shounak-1998 kernel: ACPI: Added _OSI(Linux-Dell-Video)
Feb 23 12:58:35 Shounak-1998 kernel: ACPI: Added _OSI(Linux-Lenovo-NV-HDMI-Audio)
Feb 23 12:58:35 Shounak-1998 kernel: ACPI: Added _OSI(Linux-HPI-Hybrid-Graphics)
Feb 23 12:58:35 Shounak-1998 kernel: ACPI: 2 ACPI AML tables successfully acquired and loaded
Feb 23 12:58:35 Shounak-1998 kernel: ACPI: Interpreter enabled
Feb 23 12:58:35 Shounak-1998 kernel: ACPI: PM: (supports S0 S5)
Feb 23 12:58:35 Shounak-1998 kernel: ACPI: Using IOAPIC for interrupt routing
Feb 23 12:58:35 Shounak-1998 kernel: PCI: Using host bridge windows from ACPI; if necessary, use "pci=nocrs" and report a bug
Feb 23 12:58:35 Shounak-1998 kernel: PCI: Using E820 reservations for host bridge windows
Feb 23 12:58:35 Shounak-1998 kernel: ACPI: Enabled 2 GPEs in block 00 to 07
Feb 23 12:58:35 Shounak-1998 kernel: ACPI: PCI Root Bridge [PCI0] (domain 0000 [bus 00-ff])
Feb 23 12:58:35 Shounak-1998 kernel: acpi PNP0A03:00: _OSC: OS supports [ExtendedConfig ASPM ClockPM Segments MSI EDR HPX-Type3]
Feb 23 12:58:35 Shounak-1998 kernel: acpi PNP0A03:00: _OSC: platform does not support [PCIeCapability LTR DPC]
Feb 23 12:58:35 Shounak-1998 kernel: acpi PNP0A03:00: _OSC: not requesting control; platform does not support [PCIeCapability]
Feb 23 12:58:35 Shounak-1998 kernel: acpi PNP0A03:00: _OSC: OS requested [PCIeHotplug SHPCHotplug PME AER PCIeCapability LTR DPC]
Feb 23 12:58:35 Shounak-1998 kernel: acpi PNP0A03:00: _OSC: platform willing to grant [PCIeHotplug SHPCHotplug PME AER]
Feb 23 12:58:35 Shounak-1998 kernel: acpi PNP0A03:00: _OSC: platform retains control of PCIe features (AE_SUPPORT)
Feb 23 12:58:35 Shounak-1998 kernel: PCI host bridge to bus 0000:00
Feb 23 12:58:35 Shounak-1998 kernel: pci_bus 0000:00: root bus resource [io  0x0000-0x0cf7 window]
Feb 23 12:58:35 Shounak-1998 kernel: pci_bus 0000:00: root bus resource [io  0x0d00-0xffff window]
Feb 23 12:58:35 Shounak-1998 kernel: pci_bus 0000:00: root bus resource [mem 0x000a0000-0x000bffff window]
Feb 23 12:58:35 Shounak-1998 kernel: pci_bus 0000:00: root bus resource [mem 0x80000000-0xfdffffff window]
Feb 23 12:58:35 Shounak-1998 kernel: pci_bus 0000:00: root bus resource [bus 00-ff]
Feb 23 12:58:35 Shounak-1998 kernel: pci 0000:00:00.0: [8086:1237] type 00 class 0x060000
Feb 23 12:58:35 Shounak-1998 kernel: pci 0000:00:01.0: [8086:7000] type 00 class 0x060100
Feb 23 12:58:35 Shounak-1998 kernel: pci 0000:00:01.1: [8086:7111] type 00 class 0x01018a
Feb 23 12:58:35 Shounak-1998 kernel: pci 0000:00:01.1: reg 0x20: [io  0xd000-0xd00f]
Feb 23 12:58:35 Shounak-1998 kernel: pci 0000:00:01.1: legacy IDE quirk: reg 0x10: [io  0x01f0-0x01f7]
Feb 23 12:58:35 Shounak-1998 kernel: pci 0000:00:01.1: legacy IDE quirk: reg 0x14: [io  0x03f6]
Feb 23 12:58:35 Shounak-1998 kernel: pci 0000:00:01.1: legacy IDE quirk: reg 0x18: [io  0x0170-0x0177]
Feb 23 12:58:35 Shounak-1998 kernel: pci 0000:00:01.1: legacy IDE quirk: reg 0x1c: [io  0x0376]
Feb 23 12:58:35 Shounak-1998 kernel: pci 0000:00:02.0: [15ad:0405] type 00 class 0x030000
Feb 23 12:58:35 Shounak-1998 kernel: pci 0000:00:02.0: reg 0x10: [io  0xd010-0xd01f]
Feb 23 12:58:35 Shounak-1998 kernel: pci 0000:00:02.0: reg 0x14: [mem 0xe0000000-0xe0ffffff pref]
Feb 23 12:58:35 Shounak-1998 kernel: pci 0000:00:02.0: reg 0x18: [mem 0xf0000000-0xf01fffff]
Feb 23 12:58:35 Shounak-1998 kernel: pci 0000:00:02.0: Video device with shadowed ROM at [mem 0x000c0000-0x000dffff]
Feb 23 12:58:35 Shounak-1998 kernel: pci 0000:00:03.0: [8086:100e] type 00 class 0x020000
Feb 23 12:58:35 Shounak-1998 kernel: pci 0000:00:03.0: reg 0x10: [mem 0xf0200000-0xf021ffff]
Feb 23 12:58:35 Shounak-1998 kernel: pci 0000:00:03.0: reg 0x18: [io  0xd020-0xd027]
Feb 23 12:58:35 Shounak-1998 kernel: pci 0000:00:04.0: [80ee:cafe] type 00 class 0x088000
Feb 23 12:58:35 Shounak-1998 kernel: pci 0000:00:04.0: reg 0x10: [io  0xd040-0xd05f]
Feb 23 12:58:35 Shounak-1998 kernel: pci 0000:00:04.0: reg 0x14: [mem 0xf0400000-0xf07fffff]
Feb 23 12:58:35 Shounak-1998 kernel: pci 0000:00:04.0: reg 0x18: [mem 0xf0800000-0xf0803fff pref]
Feb 23 12:58:35 Shounak-1998 kernel: pci 0000:00:05.0: [8086:2415] type 00 class 0x040100
Feb 23 12:58:35 Shounak-1998 kernel: pci 0000:00:05.0: reg 0x10: [io  0xd100-0xd1ff]
Feb 23 12:58:35 Shounak-1998 kernel: pci 0000:00:05.0: reg 0x14: [io  0xd200-0xd23f]
Feb 23 12:58:35 Shounak-1998 kernel: pci 0000:00:06.0: [106b:003f] type 00 class 0x0c0310
Feb 23 12:58:35 Shounak-1998 kernel: pci 0000:00:06.0: reg 0x10: [mem 0xf0804000-0xf0804fff]
Feb 23 12:58:35 Shounak-1998 kernel: pci 0000:00:07.0: [8086:7113] type 00 class 0x068000
Feb 23 12:58:35 Shounak-1998 kernel: pci 0000:00:07.0: quirk: [io  0x4000-0x403f] claimed by PIIX4 ACPI
Feb 23 12:58:35 Shounak-1998 kernel: pci 0000:00:07.0: quirk: [io  0x4100-0x410f] claimed by PIIX4 SMB
Feb 23 12:58:35 Shounak-1998 kernel: pci 0000:00:0b.0: [8086:265c] type 00 class 0x0c0320
Feb 23 12:58:35 Shounak-1998 kernel: pci 0000:00:0b.0: reg 0x10: [mem 0xf0805000-0xf0805fff]
Feb 23 12:58:35 Shounak-1998 kernel: pci 0000:00:0d.0: [8086:2829] type 00 class 0x010601
Feb 23 12:58:35 Shounak-1998 kernel: pci 0000:00:0d.0: reg 0x10: [io  0xd240-0xd247]
Feb 23 12:58:35 Shounak-1998 kernel: pci 0000:00:0d.0: reg 0x14: [io  0xd248-0xd24b]
Feb 23 12:58:35 Shounak-1998 kernel: pci 0000:00:0d.0: reg 0x18: [io  0xd250-0xd257]
Feb 23 12:58:35 Shounak-1998 kernel: pci 0000:00:0d.0: reg 0x1c: [io  0xd258-0xd25b]
Feb 23 12:58:35 Shounak-1998 kernel: pci 0000:00:0d.0: reg 0x20: [io  0xd260-0xd26f]
Feb 23 12:58:35 Shounak-1998 kernel: pci 0000:00:0d.0: reg 0x24: [mem 0xf0806000-0xf0807fff]
Feb 23 12:58:35 Shounak-1998 kernel: ACPI: PCI: Interrupt link LNKA configured for IRQ 11
Feb 23 12:58:35 Shounak-1998 kernel: ACPI: PCI: Interrupt link LNKB configured for IRQ 10
Feb 23 12:58:35 Shounak-1998 kernel: ACPI: PCI: Interrupt link LNKC configured for IRQ 9
Feb 23 12:58:35 Shounak-1998 kernel: ACPI: PCI: Interrupt link LNKD configured for IRQ 11
Feb 23 12:58:35 Shounak-1998 kernel: iommu: Default domain type: Translated
Feb 23 12:58:35 Shounak-1998 kernel: iommu: DMA domain TLB invalidation policy: lazy mode
Feb 23 12:58:35 Shounak-1998 kernel: SCSI subsystem initialized
Feb 23 12:58:35 Shounak-1998 kernel: ACPI: bus type USB registered
Feb 23 12:58:35 Shounak-1998 kernel: usbcore: registered new interface driver usbfs
Feb 23 12:58:35 Shounak-1998 kernel: usbcore: registered new interface driver hub
Feb 23 12:58:35 Shounak-1998 kernel: usbcore: registered new device driver usb
Feb 23 12:58:35 Shounak-1998 kernel: pps_core: LinuxPPS API ver. 1 registered
Feb 23 12:58:35 Shounak-1998 kernel: pps_core: Software ver. 5.3.6 - Copyright 2005-2007 Rodolfo Giometti <giometti@linux.it>
Feb 23 12:58:35 Shounak-1998 kernel: PTP clock support registered
Feb 23 12:58:35 Shounak-1998 kernel: EDAC MC: Ver: 3.0.0
Feb 23 12:58:35 Shounak-1998 kernel: NetLabel: Initializing
Feb 23 12:58:35 Shounak-1998 kernel: NetLabel:  domain hash size = 128
Feb 23 12:58:35 Shounak-1998 kernel: NetLabel:  protocols = UNLABELED CIPSOv4 CALIPSO
Feb 23 12:58:35 Shounak-1998 kernel: NetLabel:  unlabeled traffic allowed by default
Feb 23 12:58:35 Shounak-1998 kernel: PCI: Using ACPI for IRQ routing
Feb 23 12:58:35 Shounak-1998 kernel: pci 0000:00:02.0: vgaarb: setting as boot VGA device
Feb 23 12:58:35 Shounak-1998 kernel: pci 0000:00:02.0: vgaarb: bridge control possible
Feb 23 12:58:35 Shounak-1998 kernel: pci 0000:00:02.0: vgaarb: VGA device added: decodes=io+mem,owns=io+mem,locks=none
Feb 23 12:58:35 Shounak-1998 kernel: vgaarb: loaded
Feb 23 12:58:35 Shounak-1998 kernel: clocksource: Switched to clocksource kvm-clock
Feb 23 12:58:35 Shounak-1998 kernel: VFS: Disk quotas dquot_6.6.0
Feb 23 12:58:35 Shounak-1998 kernel: VFS: Dquot-cache hash table entries: 512 (order 0, 4096 bytes)
Feb 23 12:58:35 Shounak-1998 kernel: pnp: PnP ACPI init
Feb 23 12:58:35 Shounak-1998 kernel: pnp: PnP ACPI: found 2 devices
Feb 23 12:58:35 Shounak-1998 kernel: clocksource: acpi_pm: mask: 0xffffff max_cycles: 0xffffff, max_idle_ns: 2085701024 ns
Feb 23 12:58:35 Shounak-1998 kernel: NET: Registered PF_INET protocol family
Feb 23 12:58:35 Shounak-1998 kernel: IP idents hash table entries: 32768 (order: 6, 262144 bytes, linear)
Feb 23 12:58:35 Shounak-1998 kernel: tcp_listen_portaddr_hash hash table entries: 1024 (order: 2, 16384 bytes, linear)
Feb 23 12:58:35 Shounak-1998 kernel: Table-perturb hash table entries: 65536 (order: 6, 262144 bytes, linear)
Feb 23 12:58:35 Shounak-1998 kernel: TCP established hash table entries: 16384 (order: 5, 131072 bytes, linear)
Feb 23 12:58:35 Shounak-1998 kernel: TCP bind hash table entries: 16384 (order: 6, 262144 bytes, linear)
Feb 23 12:58:35 Shounak-1998 kernel: TCP: Hash tables configured (established 16384 bind 16384)
Feb 23 12:58:35 Shounak-1998 kernel: MPTCP token hash table entries: 2048 (order: 3, 49152 bytes, linear)
Feb 23 12:58:35 Shounak-1998 kernel: UDP hash table entries: 1024 (order: 3, 32768 bytes, linear)
Feb 23 12:58:35 Shounak-1998 kernel: UDP-Lite hash table entries: 1024 (order: 3, 32768 bytes, linear)
Feb 23 12:58:35 Shounak-1998 kernel: NET: Registered PF_UNIX/PF_LOCAL protocol family
Feb 23 12:58:35 Shounak-1998 kernel: NET: Registered PF_XDP protocol family
Feb 23 12:58:35 Shounak-1998 kernel: pci_bus 0000:00: resource 4 [io  0x0000-0x0cf7 window]
Feb 23 12:58:35 Shounak-1998 kernel: pci_bus 0000:00: resource 5 [io  0x0d00-0xffff window]
Feb 23 12:58:35 Shounak-1998 kernel: pci_bus 0000:00: resource 6 [mem 0x000a0000-0x000bffff window]
Feb 23 12:58:35 Shounak-1998 kernel: pci_bus 0000:00: resource 7 [mem 0x80000000-0xfdffffff window]
Feb 23 12:58:35 Shounak-1998 kernel: pci 0000:00:00.0: Limiting direct PCI/PCI transfers
Feb 23 12:58:35 Shounak-1998 kernel: PCI: CLS 0 bytes, default 64
Feb 23 12:58:35 Shounak-1998 kernel: ACPI: bus type thunderbolt registered
Feb 23 12:58:35 Shounak-1998 kernel: Trying to unpack rootfs image as initramfs...
Feb 23 12:58:35 Shounak-1998 kernel: clocksource: tsc: mask: 0xffffffffffffffff max_cycles: 0x1e36a685b69, max_idle_ns: 440795255641 ns
Feb 23 12:58:35 Shounak-1998 kernel: clocksource: Switched to clocksource tsc
Feb 23 12:58:35 Shounak-1998 kernel: platform rtc_cmos: registered platform RTC device (no PNP device found)
Feb 23 12:58:35 Shounak-1998 kernel: Initialise system trusted keyrings
Feb 23 12:58:35 Shounak-1998 kernel: Key type blacklist registered
Feb 23 12:58:35 Shounak-1998 kernel: workingset: timestamp_bits=36 max_order=19 bucket_order=0
Feb 23 12:58:35 Shounak-1998 kernel: zbud: loaded
Feb 23 12:58:35 Shounak-1998 kernel: integrity: Platform Keyring initialized
Feb 23 12:58:35 Shounak-1998 kernel: integrity: Machine keyring initialized
Feb 23 12:58:35 Shounak-1998 kernel: NET: Registered PF_ALG protocol family
Feb 23 12:58:35 Shounak-1998 kernel: xor: automatically using best checksumming function   avx       
Feb 23 12:58:35 Shounak-1998 kernel: Key type asymmetric registered
Feb 23 12:58:35 Shounak-1998 kernel: Asymmetric key parser 'x509' registered
Feb 23 12:58:35 Shounak-1998 kernel: Running certificate verification selftests
Feb 23 12:58:35 Shounak-1998 kernel: Loaded X.509 cert 'Certificate verification self-testing key: f58703bb33ce1b73ee02eccdee5b8817518fe3db'
Feb 23 12:58:35 Shounak-1998 kernel: Block layer SCSI generic (bsg) driver version 0.4 loaded (major 246)
Feb 23 12:58:35 Shounak-1998 kernel: io scheduler mq-deadline registered
Feb 23 12:58:35 Shounak-1998 kernel: io scheduler kyber registered
Feb 23 12:58:35 Shounak-1998 kernel: io scheduler bfq registered
Feb 23 12:58:35 Shounak-1998 kernel: atomic64_test: passed for x86-64 platform with CX8 and with SSE
Feb 23 12:58:35 Shounak-1998 kernel: shpchp: Standard Hot Plug PCI Controller Driver version: 0.4
Feb 23 12:58:35 Shounak-1998 kernel: ACPI: AC: AC Adapter [AC] (on-line)
Feb 23 12:58:35 Shounak-1998 kernel: input: Power Button as /devices/LNXSYSTM:00/LNXPWRBN:00/input/input0
Feb 23 12:58:35 Shounak-1998 kernel: ACPI: button: Power Button [PWRF]
Feb 23 12:58:35 Shounak-1998 kernel: input: Sleep Button as /devices/LNXSYSTM:00/LNXSLPBN:00/input/input1
Feb 23 12:58:35 Shounak-1998 kernel: ACPI: button: Sleep Button [SLPF]
Feb 23 12:58:35 Shounak-1998 kernel: ACPI: battery: Slot [BAT0] (battery present)
Feb 23 12:58:35 Shounak-1998 kernel: Serial: 8250/16550 driver, 4 ports, IRQ sharing enabled
Feb 23 12:58:35 Shounak-1998 kernel: Non-volatile memory driver v1.3
Feb 23 12:58:35 Shounak-1998 kernel: rdac: device handler registered
Feb 23 12:58:35 Shounak-1998 kernel: hp_sw: device handler registered
Feb 23 12:58:35 Shounak-1998 kernel: emc: device handler registered
Feb 23 12:58:35 Shounak-1998 kernel: alua: device handler registered
Feb 23 12:58:35 Shounak-1998 kernel: ohci-pci 0000:00:06.0: OHCI PCI host controller
Feb 23 12:58:35 Shounak-1998 kernel: ohci-pci 0000:00:06.0: new USB bus registered, assigned bus number 1
Feb 23 12:58:35 Shounak-1998 kernel: ohci-pci 0000:00:06.0: irq 22, io mem 0xf0804000
Feb 23 12:58:35 Shounak-1998 kernel: usb usb1: New USB device found, idVendor=1d6b, idProduct=0001, bcdDevice= 5.14
Feb 23 12:58:35 Shounak-1998 kernel: usb usb1: New USB device strings: Mfr=3, Product=2, SerialNumber=1
Feb 23 12:58:35 Shounak-1998 kernel: usb usb1: Product: OHCI PCI host controller
Feb 23 12:58:35 Shounak-1998 kernel: usb usb1: Manufacturer: Linux 5.14.0-412.el9.x86_64 ohci_hcd
Feb 23 12:58:35 Shounak-1998 kernel: usb usb1: SerialNumber: 0000:00:06.0
Feb 23 12:58:35 Shounak-1998 kernel: hub 1-0:1.0: USB hub found
Feb 23 12:58:35 Shounak-1998 kernel: hub 1-0:1.0: 12 ports detected
Feb 23 12:58:35 Shounak-1998 kernel: usbcore: registered new interface driver usbserial_generic
Feb 23 12:58:35 Shounak-1998 kernel: usbserial: USB Serial support registered for generic
Feb 23 12:58:35 Shounak-1998 kernel: ehci-pci 0000:00:0b.0: EHCI Host Controller
Feb 23 12:58:35 Shounak-1998 kernel: i8042: PNP: PS/2 Controller [PNP0303:PS2K,PNP0f03:PS2M] at 0x60,0x64 irq 1,12
Feb 23 12:58:35 Shounak-1998 kernel: ehci-pci 0000:00:0b.0: new USB bus registered, assigned bus number 2
Feb 23 12:58:35 Shounak-1998 kernel: ehci-pci 0000:00:0b.0: irq 19, io mem 0xf0805000
Feb 23 12:58:35 Shounak-1998 kernel: serio: i8042 KBD port at 0x60,0x64 irq 1
Feb 23 12:58:35 Shounak-1998 kernel: serio: i8042 AUX port at 0x60,0x64 irq 12
Feb 23 12:58:35 Shounak-1998 kernel: mousedev: PS/2 mouse device common for all mice
Feb 23 12:58:35 Shounak-1998 kernel: input: AT Translated Set 2 keyboard as /devices/platform/i8042/serio0/input/input2
Feb 23 12:58:35 Shounak-1998 kernel: rtc_cmos rtc_cmos: registered as rtc0
Feb 23 12:58:35 Shounak-1998 kernel: rtc_cmos rtc_cmos: setting system clock to 2024-02-23T07:28:34 UTC (1708673314)
Feb 23 12:58:35 Shounak-1998 kernel: rtc_cmos rtc_cmos: alarms up to one day, 114 bytes nvram
Feb 23 12:58:35 Shounak-1998 kernel: amd_pstate: the _CPC object is not present in SBIOS or ACPI disabled
Feb 23 12:58:35 Shounak-1998 kernel: hid: raw HID events driver (C) Jiri Kosina
Feb 23 12:58:35 Shounak-1998 kernel: usbcore: registered new interface driver usbhid
Feb 23 12:58:35 Shounak-1998 kernel: usbhid: USB HID core driver
Feb 23 12:58:35 Shounak-1998 kernel: drop_monitor: Initializing network drop monitor service
Feb 23 12:58:35 Shounak-1998 kernel: ehci-pci 0000:00:0b.0: USB 2.0 started, EHCI 1.00
Feb 23 12:58:35 Shounak-1998 kernel: usb usb2: New USB device found, idVendor=1d6b, idProduct=0002, bcdDevice= 5.14
Feb 23 12:58:35 Shounak-1998 kernel: usb usb2: New USB device strings: Mfr=3, Product=2, SerialNumber=1
Feb 23 12:58:35 Shounak-1998 kernel: usb usb2: Product: EHCI Host Controller
Feb 23 12:58:35 Shounak-1998 kernel: usb usb2: Manufacturer: Linux 5.14.0-412.el9.x86_64 ehci_hcd
Feb 23 12:58:35 Shounak-1998 kernel: usb usb2: SerialNumber: 0000:00:0b.0
Feb 23 12:58:35 Shounak-1998 kernel: hub 2-0:1.0: USB hub found
Feb 23 12:58:35 Shounak-1998 kernel: hub 2-0:1.0: 12 ports detected
Feb 23 12:58:35 Shounak-1998 kernel: Initializing XFRM netlink socket
Feb 23 12:58:35 Shounak-1998 kernel: NET: Registered PF_INET6 protocol family
Feb 23 12:58:35 Shounak-1998 kernel: input: ImExPS/2 Generic Explorer Mouse as /devices/platform/i8042/serio1/input/input4
Feb 23 12:58:35 Shounak-1998 kernel: Freeing initrd memory: 54928K
Feb 23 12:58:35 Shounak-1998 kernel: Segment Routing with IPv6
Feb 23 12:58:35 Shounak-1998 kernel: NET: Registered PF_PACKET protocol family
Feb 23 12:58:35 Shounak-1998 kernel: mpls_gso: MPLS GSO support
Feb 23 12:58:35 Shounak-1998 kernel: IPI shorthand broadcast: enabled
Feb 23 12:58:35 Shounak-1998 kernel: AVX2 version of gcm_enc/dec engaged.
Feb 23 12:58:35 Shounak-1998 kernel: AES CTR mode by8 optimization enabled
Feb 23 12:58:35 Shounak-1998 kernel: sched_clock: Marking stable (1045322025, 9433440)->(1104586127, -49830662)
Feb 23 12:58:35 Shounak-1998 kernel: registered taskstats version 1
Feb 23 12:58:35 Shounak-1998 kernel: Loading compiled-in X.509 certificates
Feb 23 12:58:35 Shounak-1998 kernel: Loaded X.509 cert 'The CentOS Project: CentOS Stream kernel signing key: 865893179a24470e8ac079fe874218db02200274'
Feb 23 12:58:35 Shounak-1998 kernel: Loaded X.509 cert 'Red Hat Enterprise Linux Driver Update Program (key 3): bf57f3e87362bc7229d9f465321773dfd1f77a80'
Feb 23 12:58:35 Shounak-1998 kernel: Loaded X.509 cert 'Red Hat Enterprise Linux kpatch signing key: 4d38fd864ebe18c5f0b72e3852e2014c3a676fc8'
Feb 23 12:58:35 Shounak-1998 kernel: Loaded X.509 cert 'RH-IMA-CA: Red Hat IMA CA: fb31825dd0e073685b264e3038963673f753959a'
Feb 23 12:58:35 Shounak-1998 kernel: zswap: loaded using pool lzo/zbud
Feb 23 12:58:35 Shounak-1998 kernel: page_owner is disabled
Feb 23 12:58:35 Shounak-1998 kernel: Key type big_key registered
Feb 23 12:58:35 Shounak-1998 kernel: Key type encrypted registered
Feb 23 12:58:35 Shounak-1998 kernel: ima: No TPM chip found, activating TPM-bypass!
Feb 23 12:58:35 Shounak-1998 kernel: Loading compiled-in module X.509 certificates
Feb 23 12:58:35 Shounak-1998 kernel: Loaded X.509 cert 'The CentOS Project: CentOS Stream kernel signing key: 865893179a24470e8ac079fe874218db02200274'
Feb 23 12:58:35 Shounak-1998 kernel: ima: Allocated hash algorithm: sha256
Feb 23 12:58:35 Shounak-1998 kernel: ima: No architecture policies found
Feb 23 12:58:35 Shounak-1998 kernel: evm: Initialising EVM extended attributes:
Feb 23 12:58:35 Shounak-1998 kernel: evm: security.selinux
Feb 23 12:58:35 Shounak-1998 kernel: evm: security.SMACK64 (disabled)
Feb 23 12:58:35 Shounak-1998 kernel: evm: security.SMACK64EXEC (disabled)
Feb 23 12:58:35 Shounak-1998 kernel: evm: security.SMACK64TRANSMUTE (disabled)
Feb 23 12:58:35 Shounak-1998 kernel: evm: security.SMACK64MMAP (disabled)
Feb 23 12:58:35 Shounak-1998 kernel: evm: security.apparmor (disabled)
Feb 23 12:58:35 Shounak-1998 kernel: evm: security.ima
Feb 23 12:58:35 Shounak-1998 kernel: evm: security.capability
Feb 23 12:58:35 Shounak-1998 kernel: evm: HMAC attrs: 0x1
Feb 23 12:58:35 Shounak-1998 kernel: Freeing unused decrypted memory: 2028K
Feb 23 12:58:35 Shounak-1998 kernel: Freeing unused kernel image (initmem) memory: 3876K
Feb 23 12:58:35 Shounak-1998 kernel: Write protecting the kernel read-only data: 28672k
Feb 23 12:58:35 Shounak-1998 kernel: Freeing unused kernel image (rodata/data gap) memory: 556K
Feb 23 12:58:35 Shounak-1998 kernel: x86/mm: Checked W+X mappings: passed, no W+X pages found.
Feb 23 12:58:35 Shounak-1998 kernel: Run /init as init process
Feb 23 12:58:35 Shounak-1998 systemd: systemd 252-24.el9 running in system mode (+PAM +AUDIT +SELINUX -APPARMOR +IMA +SMACK +SECCOMP +GCRYPT +GNUTLS +OPENSSL +ACL +BLKID +CURL +ELFUTILS -FIDO2 +IDN2 -IDN -IPTC +KMOD +LIBCRYPTSETUP +LIBFDISK +PCRE2 -PWQUALITY +P11KIT -QRENCODE +TPM2 +BZIP2 +LZ4 +XZ +ZLIB +ZSTD -BPF_FRAMEWORK +XKBCOMMON +UTMP +SYSVINIT default-hierarchy=unified)
Feb 23 12:58:35 Shounak-1998 systemd: Detected virtualization oracle.
Feb 23 12:58:35 Shounak-1998 systemd: Detected architecture x86-64.
Feb 23 12:58:35 Shounak-1998 systemd: Running in initrd.
Feb 23 12:58:35 Shounak-1998 systemd: Hostname set to <Shounak-1998>.
Feb 23 12:58:35 Shounak-1998 systemd: Invalid DMI field header.
Feb 23 12:58:35 Shounak-1998 systemd: Queued start job for default target Initrd Default Target.
Feb 23 12:58:35 Shounak-1998 systemd: Created slice Slice /system/systemd-hibernate-resume.
Feb 23 12:58:35 Shounak-1998 systemd: Reached target Initrd /usr File System.
Feb 23 12:58:35 Shounak-1998 systemd: Reached target Slice Units.
Feb 23 12:58:35 Shounak-1998 systemd: Reached target Swaps.
Feb 23 12:58:35 Shounak-1998 systemd: Reached target Timer Units.
Feb 23 12:58:35 Shounak-1998 systemd: Listening on D-Bus System Message Bus Socket.
Feb 23 12:58:35 Shounak-1998 systemd: Listening on Journal Socket (/dev/log).
Feb 23 12:58:35 Shounak-1998 systemd: Listening on Journal Socket.
Feb 23 12:58:35 Shounak-1998 systemd: Listening on udev Control Socket.
Feb 23 12:58:35 Shounak-1998 systemd: Listening on udev Kernel Socket.
Feb 23 12:58:35 Shounak-1998 systemd: Reached target Socket Units.
Feb 23 12:58:35 Shounak-1998 systemd: Starting Create List of Static Device Nodes...
Feb 23 12:58:35 Shounak-1998 systemd: Starting Journal Service...
Feb 23 12:58:35 Shounak-1998 systemd: Starting Load Kernel Modules...
Feb 23 12:58:35 Shounak-1998 systemd: Starting Create System Users...
Feb 23 12:58:35 Shounak-1998 systemd: Starting Setup Virtual Console...
Feb 23 12:58:35 Shounak-1998 systemd: Finished Create List of Static Device Nodes.
Feb 23 12:58:35 Shounak-1998 systemd: Finished Create System Users.
Feb 23 12:58:35 Shounak-1998 systemd: Starting Create Static Device Nodes in /dev...
Feb 23 12:58:35 Shounak-1998 systemd: Finished Create Static Device Nodes in /dev.
Feb 23 12:58:35 Shounak-1998 kernel: fuse: init (API version 7.36)
Feb 23 12:58:35 Shounak-1998 systemd: Finished Load Kernel Modules.
Feb 23 12:58:35 Shounak-1998 systemd: Starting Apply Kernel Variables...
Feb 23 12:58:35 Shounak-1998 systemd-journald[228]: Journal started
Feb 23 12:58:35 Shounak-1998 systemd-journald[228]: Runtime Journal (/run/log/journal/618aaa0ecaca445b995c8eee7befb234) is 4.4M, max 35.5M, 31.0M free.
Feb 23 12:58:35 Shounak-1998 systemd: Started Journal Service.
Feb 23 12:58:35 Shounak-1998 systemd-sysusers[230]: Creating group 'nobody' with GID 65534.
Feb 23 12:58:35 Shounak-1998 systemd-sysusers[230]: Creating group 'users' with GID 100.
Feb 23 12:58:35 Shounak-1998 systemd-sysusers[230]: Creating group 'dbus' with GID 81.
Feb 23 12:58:35 Shounak-1998 systemd-sysusers[230]: Creating user 'dbus' (System Message Bus) with UID 81 and GID 81.
Feb 23 12:58:35 Shounak-1998 systemd-modules-load[229]: Inserted module 'fuse'
Feb 23 12:58:35 Shounak-1998 systemd-modules-load[229]: Module 'msr' is built in
Feb 23 12:58:35 Shounak-1998 systemd[1]: Starting Create Volatile Files and Directories...
Feb 23 12:58:35 Shounak-1998 systemd[1]: Finished Apply Kernel Variables.
Feb 23 12:58:35 Shounak-1998 systemd[1]: Finished Create Volatile Files and Directories.
Feb 23 12:58:35 Shounak-1998 systemd[1]: Finished Setup Virtual Console.
Feb 23 12:58:35 Shounak-1998 systemd[1]: dracut ask for additional cmdline parameters was skipped because no trigger condition checks were met.
Feb 23 12:58:35 Shounak-1998 systemd[1]: Starting dracut cmdline hook...
Feb 23 12:58:35 Shounak-1998 dracut-cmdline[243]: dracut-9 dracut-057-53.git20240104.el9
Feb 23 12:58:35 Shounak-1998 dracut-cmdline[243]: Using kernel command line parameters:    BOOT_IMAGE=(hd0,msdos1)/vmlinuz-5.14.0-412.el9.x86_64 root=/dev/mapper/cs-root ro crashkernel=1G-4G:192M,4G-64G:256M,64G-:512M resume=/dev/mapper/cs-swap rd.lvm.lv=cs/root rd.lvm.lv=cs/swap rhgb quiet
Feb 23 12:58:36 Shounak-1998 systemd[1]: Finished dracut cmdline hook.
Feb 23 12:58:36 Shounak-1998 systemd[1]: Starting dracut pre-udev hook...
Feb 23 12:58:36 Shounak-1998 kernel: device-mapper: core: CONFIG_IMA_DISABLE_HTABLE is disabled. Duplicate IMA measurements will not be recorded in the IMA log.
Feb 23 12:58:36 Shounak-1998 kernel: device-mapper: uevent: version 1.0.3
Feb 23 12:58:36 Shounak-1998 kernel: device-mapper: ioctl: 4.48.0-ioctl (2023-03-01) initialised: dm-devel@redhat.com
Feb 23 12:58:36 Shounak-1998 systemd[1]: Finished dracut pre-udev hook.
Feb 23 12:58:36 Shounak-1998 systemd[1]: Starting Rule-based Manager for Device Events and Files...
Feb 23 12:58:36 Shounak-1998 systemd-udevd[354]: Using default interface naming scheme 'rhel-9.0'.
Feb 23 12:58:36 Shounak-1998 systemd[1]: Started Rule-based Manager for Device Events and Files.
Feb 23 12:58:36 Shounak-1998 systemd[1]: dracut pre-trigger hook was skipped because no trigger condition checks were met.
Feb 23 12:58:36 Shounak-1998 systemd[1]: Starting Coldplug All udev Devices...
Feb 23 12:58:36 Shounak-1998 systemd[1]: sys-module-fuse.device: Failed to enqueue SYSTEMD_WANTS= job, ignoring: Unit sys-fs-fuse-connections.mount not found.
Feb 23 12:58:36 Shounak-1998 systemd[1]: Finished Coldplug All udev Devices.
Feb 23 12:58:36 Shounak-1998 systemd[1]: nm-initrd.service was skipped because of an unmet condition check (ConditionPathExists=/run/NetworkManager/initrd/neednet).
Feb 23 12:58:36 Shounak-1998 systemd[1]: Reached target Network.
Feb 23 12:58:36 Shounak-1998 systemd[1]: nm-wait-online-initrd.service was skipped because of an unmet condition check (ConditionPathExists=/run/NetworkManager/initrd/neednet).
Feb 23 12:58:36 Shounak-1998 systemd[1]: Starting dracut initqueue hook...
Feb 23 12:58:36 Shounak-1998 systemd[1]: Starting Show Plymouth Boot Screen...
Feb 23 12:58:36 Shounak-1998 systemd[1]: Received SIGRTMIN+20 from PID 367 (plymouthd).
Feb 23 12:58:36 Shounak-1998 systemd[1]: Started Show Plymouth Boot Screen.
Feb 23 12:58:36 Shounak-1998 systemd[1]: Dispatch Password Requests to Console Directory Watch was skipped because of an unmet condition check (ConditionPathExists=!/run/plymouth/pid).
Feb 23 12:58:36 Shounak-1998 systemd[1]: Started Forward Password Requests to Plymouth Directory Watch.
Feb 23 12:58:36 Shounak-1998 systemd[1]: Reached target Path Units.
Feb 23 12:58:36 Shounak-1998 kernel: Warning: Unmaintained driver is detected: e1000
Feb 23 12:58:36 Shounak-1998 kernel: ACPI: video: Video Device [GFX0] (multi-head: yes  rom: no  post: no)
Feb 23 12:58:36 Shounak-1998 kernel: input: Video Bus as /devices/LNXSYSTM:00/LNXSYBUS:00/PNP0A03:00/LNXVIDEO:00/input/input5
Feb 23 12:58:36 Shounak-1998 kernel: e1000: Intel(R) PRO/1000 Network Driver
Feb 23 12:58:36 Shounak-1998 kernel: e1000: Copyright (c) 1999-2006 Intel Corporation.
Feb 23 12:58:36 Shounak-1998 kernel: scsi host0: ata_piix
Feb 23 12:58:36 Shounak-1998 kernel: scsi host1: ata_piix
Feb 23 12:58:36 Shounak-1998 kernel: ata1: PATA max UDMA/33 cmd 0x1f0 ctl 0x3f6 bmdma 0xd000 irq 14 lpm-pol 0
Feb 23 12:58:36 Shounak-1998 kernel: ata2: PATA max UDMA/33 cmd 0x170 ctl 0x376 bmdma 0xd008 irq 15 lpm-pol 0
Feb 23 12:58:36 Shounak-1998 kernel: ahci 0000:00:0d.0: SSS flag set, parallel bus scan disabled
Feb 23 12:58:36 Shounak-1998 kernel: ahci 0000:00:0d.0: AHCI 0001.0100 32 slots 1 ports 3 Gbps 0x1 impl SATA mode
Feb 23 12:58:36 Shounak-1998 kernel: ahci 0000:00:0d.0: flags: 64bit ncq stag only ccc 
Feb 23 12:58:36 Shounak-1998 kernel: ACPI: bus type drm_connector registered
Feb 23 12:58:36 Shounak-1998 kernel: scsi host2: ahci
Feb 23 12:58:36 Shounak-1998 kernel: ata3: SATA max UDMA/133 abar m8192@0xf0806000 port 0xf0806100 irq 21 lpm-pol 0
Feb 23 12:58:36 Shounak-1998 kernel: vmwgfx 0000:00:02.0: vgaarb: deactivate vga console
Feb 23 12:58:36 Shounak-1998 kernel: Console: switching to colour dummy device 80x25
Feb 23 12:58:36 Shounak-1998 kernel: vmwgfx 0000:00:02.0: [drm] FIFO at 0x00000000f0000000 size is 2048 kiB
Feb 23 12:58:36 Shounak-1998 kernel: vmwgfx 0000:00:02.0: [drm] VRAM at 0x00000000e0000000 size is 16384 kiB
Feb 23 12:58:36 Shounak-1998 kernel: vmwgfx 0000:00:02.0: [drm] Running on SVGA version 2.
Feb 23 12:58:36 Shounak-1998 kernel: vmwgfx 0000:00:02.0: [drm] Capabilities: rect copy, cursor, cursor bypass, cursor bypass 2, alpha cursor, extended fifo, pitchlock, irq mask, gmr, traces, gmr2, screen object 2, command buffers, 
Feb 23 12:58:36 Shounak-1998 kernel: vmwgfx 0000:00:02.0: [drm] *ERROR* vmwgfx seems to be running on an unsupported hypervisor.
Feb 23 12:58:36 Shounak-1998 kernel: vmwgfx 0000:00:02.0: [drm] *ERROR* This configuration is likely broken.
Feb 23 12:58:36 Shounak-1998 kernel: vmwgfx 0000:00:02.0: [drm] *ERROR* Please switch to a supported graphics device to avoid problems.
Feb 23 12:58:36 Shounak-1998 kernel: vmwgfx 0000:00:02.0: [drm] DMA map mode: Caching DMA mappings.
Feb 23 12:58:36 Shounak-1998 kernel: vmwgfx 0000:00:02.0: [drm] Legacy memory limits: VRAM = 16384 kB, FIFO = 2048 kB, surface = 507904 kB
Feb 23 12:58:36 Shounak-1998 kernel: vmwgfx 0000:00:02.0: [drm] MOB limits: max mob size = 0 kB, max mob pages = 0
Feb 23 12:58:36 Shounak-1998 kernel: vmwgfx 0000:00:02.0: [drm] Max GMR ids is 8192
Feb 23 12:58:36 Shounak-1998 kernel: vmwgfx 0000:00:02.0: [drm] Max number of GMR pages is 1048576
Feb 23 12:58:36 Shounak-1998 kernel: vmwgfx 0000:00:02.0: [drm] Maximum display memory size is 16384 kiB
Feb 23 12:58:36 Shounak-1998 kernel: vmwgfx 0000:00:02.0: [drm] Screen Object display unit initialized
Feb 23 12:58:36 Shounak-1998 kernel: vmwgfx 0000:00:02.0: [drm] Fifo max 0x00200000 min 0x00001000 cap 0x00000355
Feb 23 12:58:36 Shounak-1998 kernel: vmwgfx 0000:00:02.0: [drm] Using command buffers with DMA pool.
Feb 23 12:58:36 Shounak-1998 kernel: vmwgfx 0000:00:02.0: [drm] Available shader model: Legacy.
Feb 23 12:58:36 Shounak-1998 kernel: [drm] Initialized vmwgfx 2.20.0 20211206 for 0000:00:02.0 on minor 0
Feb 23 12:58:36 Shounak-1998 kernel: fbcon: vmwgfxdrmfb (fb0) is primary device
Feb 23 12:58:36 Shounak-1998 kernel: Console: switching to colour frame buffer device 160x50
Feb 23 12:58:36 Shounak-1998 kernel: vmwgfx 0000:00:02.0: [drm] fb0: vmwgfxdrmfb frame buffer device
Feb 23 12:58:36 Shounak-1998 kernel: ata2.00: ATAPI: VBOX CD-ROM, 1.0, max UDMA/133
Feb 23 12:58:36 Shounak-1998 kernel: scsi 1:0:0:0: CD-ROM            VBOX     CD-ROM           1.0  PQ: 0 ANSI: 5
Feb 23 12:58:36 Shounak-1998 kernel: ata3: SATA link up 3.0 Gbps (SStatus 123 SControl 300)
Feb 23 12:58:36 Shounak-1998 kernel: ata3.00: ATA-6: VBOX HARDDISK, 1.0, max UDMA/133
Feb 23 12:58:36 Shounak-1998 kernel: ata3.00: 41943040 sectors, multi 128: LBA48 NCQ (depth 32)
Feb 23 12:58:36 Shounak-1998 kernel: ata3.00: configured for UDMA/133
Feb 23 12:58:36 Shounak-1998 kernel: scsi 2:0:0:0: Direct-Access     ATA      VBOX HARDDISK    1.0  PQ: 0 ANSI: 5
Feb 23 12:58:36 Shounak-1998 kernel: scsi 1:0:0:0: Attached scsi generic sg0 type 5
Feb 23 12:58:36 Shounak-1998 kernel: scsi 2:0:0:0: Attached scsi generic sg1 type 0
Feb 23 12:58:36 Shounak-1998 kernel: e1000 0000:00:03.0 eth0: (PCI:33MHz:32-bit) 08:00:27:05:b2:22
Feb 23 12:58:36 Shounak-1998 kernel: e1000 0000:00:03.0 eth0: Intel(R) PRO/1000 Network Connection
Feb 23 12:58:36 Shounak-1998 kernel: e1000 0000:00:03.0 enp0s3: renamed from eth0
Feb 23 12:58:36 Shounak-1998 kernel: sr 1:0:0:0: [sr0] scsi3-mmc drive: 32x/32x xa/form2 tray
Feb 23 12:58:36 Shounak-1998 kernel: cdrom: Uniform CD-ROM driver Revision: 3.20
Feb 23 12:58:36 Shounak-1998 kernel: sd 2:0:0:0: [sda] 41943040 512-byte logical blocks: (21.5 GB/20.0 GiB)
Feb 23 12:58:36 Shounak-1998 kernel: sd 2:0:0:0: [sda] Write Protect is off
Feb 23 12:58:36 Shounak-1998 kernel: sd 2:0:0:0: [sda] Write cache: enabled, read cache: enabled, doesn't support DPO or FUA
Feb 23 12:58:36 Shounak-1998 kernel: sd 2:0:0:0: [sda] Preferred minimum I/O size 512 bytes
Feb 23 12:58:36 Shounak-1998 kernel: sda: sda1 sda2
Feb 23 12:58:36 Shounak-1998 kernel: sd 2:0:0:0: [sda] Attached SCSI disk
Feb 23 12:58:37 Shounak-1998 dracut-initqueue[458]: Scanning devices sda2  for LVM logical volumes cs/root
Feb 23 12:58:37 Shounak-1998 dracut-initqueue[458]: cs/swap
Feb 23 12:58:37 Shounak-1998 dracut-initqueue[458]:  cs/root linear
Feb 23 12:58:37 Shounak-1998 dracut-initqueue[458]:  cs/swap linear
Feb 23 12:58:37 Shounak-1998 systemd[1]: Found device /dev/mapper/cs-root.
Feb 23 12:58:37 Shounak-1998 systemd[1]: Reached target Initrd Root Device.
Feb 23 12:58:38 Shounak-1998 systemd[1]: Found device /dev/mapper/cs-swap.
Feb 23 12:58:38 Shounak-1998 systemd[1]: Starting Resume from hibernation using device /dev/mapper/cs-swap...
Feb 23 12:58:38 Shounak-1998 systemd-hibernate-resume[494]: Could not resume from '/dev/mapper/cs-swap' (253:1).
Feb 23 12:58:38 Shounak-1998 systemd[1]: systemd-hibernate-resume@dev-mapper-cs\x2dswap.service: Deactivated successfully.
Feb 23 12:58:38 Shounak-1998 systemd[1]: Finished Resume from hibernation using device /dev/mapper/cs-swap.
Feb 23 12:58:38 Shounak-1998 systemd[1]: Reached target Preparation for Local File Systems.
Feb 23 12:58:38 Shounak-1998 systemd[1]: Reached target Local File Systems.
Feb 23 12:58:38 Shounak-1998 systemd[1]: Reached target System Initialization.
Feb 23 12:58:38 Shounak-1998 systemd[1]: Reached target Basic System.
Feb 23 12:58:38 Shounak-1998 systemd[1]: Finished dracut initqueue hook.
Feb 23 12:58:38 Shounak-1998 systemd[1]: Reached target Preparation for Remote File Systems.
Feb 23 12:58:38 Shounak-1998 systemd[1]: Reached target Remote File Systems.
Feb 23 12:58:38 Shounak-1998 systemd[1]: dracut pre-mount hook was skipped because no trigger condition checks were met.
Feb 23 12:58:38 Shounak-1998 systemd[1]: Starting File System Check on /dev/mapper/cs-root...
Feb 23 12:58:38 Shounak-1998 systemd-fsck[504]: /usr/sbin/fsck.xfs: XFS file system.
Feb 23 12:58:38 Shounak-1998 systemd[1]: Finished File System Check on /dev/mapper/cs-root.
Feb 23 12:58:38 Shounak-1998 systemd[1]: Mounting /sysroot...
Feb 23 12:58:38 Shounak-1998 kernel: SGI XFS with ACLs, security attributes, scrub, quota, no debug enabled
Feb 23 12:58:38 Shounak-1998 kernel: XFS (dm-0): Mounting V5 Filesystem 8b0e5e45-9d1c-4de2-a8d5-c7fc8fc5b30c
Feb 23 12:58:38 Shounak-1998 kernel: XFS (dm-0): Ending clean mount
Feb 23 12:58:38 Shounak-1998 systemd[1]: Mounted /sysroot.
Feb 23 12:58:38 Shounak-1998 systemd[1]: Reached target Initrd Root File System.
Feb 23 12:58:38 Shounak-1998 systemd[1]: Starting Mountpoints Configured in the Real Root...
Feb 23 12:58:38 Shounak-1998 systemd[1]: initrd-parse-etc.service: Deactivated successfully.
Feb 23 12:58:38 Shounak-1998 systemd[1]: Finished Mountpoints Configured in the Real Root.
Feb 23 12:58:38 Shounak-1998 systemd[1]: Reached target Initrd File Systems.
Feb 23 12:58:38 Shounak-1998 systemd[1]: Reached target Initrd Default Target.
Feb 23 12:58:38 Shounak-1998 systemd[1]: dracut mount hook was skipped because no trigger condition checks were met.
Feb 23 12:58:38 Shounak-1998 systemd[1]: Starting dracut pre-pivot and cleanup hook...
Feb 23 12:58:38 Shounak-1998 systemd[1]: Finished dracut pre-pivot and cleanup hook.
Feb 23 12:58:38 Shounak-1998 systemd[1]: Starting Cleaning Up and Shutting Down Daemons...
Feb 23 12:58:38 Shounak-1998 systemd[1]: Stopped target Network.
Feb 23 12:58:38 Shounak-1998 systemd[1]: Stopped target Timer Units.
Feb 23 12:58:38 Shounak-1998 systemd[1]: dbus.socket: Deactivated successfully.
Feb 23 12:58:38 Shounak-1998 systemd[1]: Closed D-Bus System Message Bus Socket.
Feb 23 12:58:38 Shounak-1998 systemd[1]: dracut-pre-pivot.service: Deactivated successfully.
Feb 23 12:58:38 Shounak-1998 systemd[1]: Stopped dracut pre-pivot and cleanup hook.
Feb 23 12:58:38 Shounak-1998 systemd[1]: Stopped target Initrd Default Target.
Feb 23 12:58:38 Shounak-1998 systemd[1]: Stopped target Basic System.
Feb 23 12:58:38 Shounak-1998 systemd[1]: Stopped target Initrd Root Device.
Feb 23 12:58:38 Shounak-1998 systemd[1]: Stopped target Initrd /usr File System.
Feb 23 12:58:38 Shounak-1998 systemd[1]: Stopped target Path Units.
Feb 23 12:58:38 Shounak-1998 systemd[1]: Stopped target Remote File Systems.
Feb 23 12:58:38 Shounak-1998 systemd[1]: Stopped target Preparation for Remote File Systems.
Feb 23 12:58:38 Shounak-1998 systemd[1]: Stopped target Slice Units.
Feb 23 12:58:38 Shounak-1998 systemd[1]: Stopped target Socket Units.
Feb 23 12:58:38 Shounak-1998 systemd[1]: Stopped target System Initialization.
Feb 23 12:58:38 Shounak-1998 systemd[1]: Stopped target Local File Systems.
Feb 23 12:58:38 Shounak-1998 systemd[1]: Stopped target Preparation for Local File Systems.
Feb 23 12:58:38 Shounak-1998 systemd[1]: Stopped target Swaps.
Feb 23 12:58:38 Shounak-1998 systemd[1]: dracut-initqueue.service: Deactivated successfully.
Feb 23 12:58:38 Shounak-1998 systemd[1]: Stopped dracut initqueue hook.
Feb 23 12:58:38 Shounak-1998 systemd[1]: Starting Plymouth switch root service...
Feb 23 12:58:38 Shounak-1998 systemd[1]: systemd-sysctl.service: Deactivated successfully.
Feb 23 12:58:38 Shounak-1998 systemd[1]: Stopped Apply Kernel Variables.
Feb 23 12:58:38 Shounak-1998 systemd[1]: systemd-modules-load.service: Deactivated successfully.
Feb 23 12:58:38 Shounak-1998 systemd[1]: Stopped Load Kernel Modules.
Feb 23 12:58:38 Shounak-1998 systemd[1]: systemd-tmpfiles-setup.service: Deactivated successfully.
Feb 23 12:58:38 Shounak-1998 systemd[1]: Stopped Create Volatile Files and Directories.
Feb 23 12:58:38 Shounak-1998 systemd[1]: systemd-udev-trigger.service: Deactivated successfully.
Feb 23 12:58:38 Shounak-1998 systemd[1]: Stopped Coldplug All udev Devices.
Feb 23 12:58:38 Shounak-1998 systemd[1]: Stopping Rule-based Manager for Device Events and Files...
Feb 23 12:58:38 Shounak-1998 systemd[1]: run-credentials-systemd\x2dtmpfiles\x2dsetup.service.mount: Deactivated successfully.
Feb 23 12:58:38 Shounak-1998 systemd[1]: run-credentials-systemd\x2dsysctl.service.mount: Deactivated successfully.
Feb 23 12:58:38 Shounak-1998 systemd[1]: initrd-cleanup.service: Deactivated successfully.
Feb 23 12:58:38 Shounak-1998 systemd[1]: Finished Cleaning Up and Shutting Down Daemons.
Feb 23 12:58:38 Shounak-1998 systemd[1]: systemd-udevd.service: Deactivated successfully.
Feb 23 12:58:38 Shounak-1998 systemd[1]: Stopped Rule-based Manager for Device Events and Files.
Feb 23 12:58:38 Shounak-1998 systemd[1]: systemd-udevd.service: Consumed 1.245s CPU time.
Feb 23 12:58:38 Shounak-1998 systemd[1]: systemd-udevd-control.socket: Deactivated successfully.
Feb 23 12:58:38 Shounak-1998 systemd[1]: Closed udev Control Socket.
Feb 23 12:58:38 Shounak-1998 systemd[1]: systemd-udevd-kernel.socket: Deactivated successfully.
Feb 23 12:58:38 Shounak-1998 systemd[1]: Closed udev Kernel Socket.
Feb 23 12:58:38 Shounak-1998 systemd[1]: dracut-pre-udev.service: Deactivated successfully.
Feb 23 12:58:38 Shounak-1998 systemd[1]: Stopped dracut pre-udev hook.
Feb 23 12:58:38 Shounak-1998 systemd[1]: dracut-cmdline.service: Deactivated successfully.
Feb 23 12:58:38 Shounak-1998 systemd[1]: Stopped dracut cmdline hook.
Feb 23 12:58:38 Shounak-1998 systemd[1]: Starting Cleanup udev Database...
Feb 23 12:58:38 Shounak-1998 systemd[1]: systemd-tmpfiles-setup-dev.service: Deactivated successfully.
Feb 23 12:58:38 Shounak-1998 systemd[1]: Stopped Create Static Device Nodes in /dev.
Feb 23 12:58:38 Shounak-1998 systemd[1]: kmod-static-nodes.service: Deactivated successfully.
Feb 23 12:58:38 Shounak-1998 systemd[1]: Stopped Create List of Static Device Nodes.
Feb 23 12:58:38 Shounak-1998 systemd[1]: systemd-sysusers.service: Deactivated successfully.
Feb 23 12:58:38 Shounak-1998 systemd[1]: Stopped Create System Users.
Feb 23 12:58:38 Shounak-1998 systemd[1]: run-credentials-systemd\x2dtmpfiles\x2dsetup\x2ddev.service.mount: Deactivated successfully.
Feb 23 12:58:38 Shounak-1998 systemd[1]: run-credentials-systemd\x2dsysusers.service.mount: Deactivated successfully.
Feb 23 12:58:38 Shounak-1998 systemd[1]: Finished Plymouth switch root service.
Feb 23 12:58:38 Shounak-1998 systemd[1]: initrd-udevadm-cleanup-db.service: Deactivated successfully.
Feb 23 12:58:38 Shounak-1998 systemd[1]: Finished Cleanup udev Database.
Feb 23 12:58:38 Shounak-1998 systemd[1]: Reached target Switch Root.
Feb 23 12:58:38 Shounak-1998 systemd[1]: Starting Switch Root...
Feb 23 12:58:38 Shounak-1998 systemd[1]: Switching root.
Feb 23 12:58:38 Shounak-1998 systemd-journald[228]: Journal stopped
Feb 23 12:58:39 Shounak-1998 systemd-journald: Received SIGTERM from PID 1 (systemd).
Feb 23 12:58:39 Shounak-1998 kernel: audit: type=1404 audit(1708673319.122:2): enforcing=1 old_enforcing=0 auid=4294967295 ses=4294967295 enabled=1 old-enabled=1 lsm=selinux res=1
Feb 23 12:58:39 Shounak-1998 kernel: SELinux:  policy capability network_peer_controls=1
Feb 23 12:58:39 Shounak-1998 kernel: SELinux:  policy capability open_perms=1
Feb 23 12:58:39 Shounak-1998 kernel: SELinux:  policy capability extended_socket_class=1
Feb 23 12:58:39 Shounak-1998 kernel: SELinux:  policy capability always_check_network=0
Feb 23 12:58:39 Shounak-1998 kernel: SELinux:  policy capability cgroup_seclabel=1
Feb 23 12:58:39 Shounak-1998 kernel: SELinux:  policy capability nnp_nosuid_transition=1
Feb 23 12:58:39 Shounak-1998 kernel: SELinux:  policy capability genfs_seclabel_symlinks=1
Feb 23 12:58:39 Shounak-1998 kernel: audit: type=1403 audit(1708673319.328:3): auid=4294967295 ses=4294967295 lsm=selinux res=1
Feb 23 12:58:39 Shounak-1998 systemd: Successfully loaded SELinux policy in 210.428ms.
Feb 23 12:58:39 Shounak-1998 systemd: Relabelled /dev, /dev/shm, /run, /sys/fs/cgroup in 39.969ms.
Feb 23 12:58:39 Shounak-1998 systemd: systemd 252-24.el9 running in system mode (+PAM +AUDIT +SELINUX -APPARMOR +IMA +SMACK +SECCOMP +GCRYPT +GNUTLS +OPENSSL +ACL +BLKID +CURL +ELFUTILS -FIDO2 +IDN2 -IDN -IPTC +KMOD +LIBCRYPTSETUP +LIBFDISK +PCRE2 -PWQUALITY +P11KIT -QRENCODE +TPM2 +BZIP2 +LZ4 +XZ +ZLIB +ZSTD -BPF_FRAMEWORK +XKBCOMMON +UTMP +SYSVINIT default-hierarchy=unified)
Feb 23 12:58:39 Shounak-1998 systemd: Detected virtualization oracle.
Feb 23 12:58:39 Shounak-1998 systemd: Detected architecture x86-64.
Feb 23 12:58:39 Shounak-1998 systemd: Invalid DMI field header.
Feb 23 12:58:39 Shounak-1998 systemd-rc-local-generator: /etc/rc.d/rc.local is not marked executable, skipping.
Feb 23 12:58:39 Shounak-1998 systemd: initrd-switch-root.service: Deactivated successfully.
Feb 23 12:58:39 Shounak-1998 systemd: Stopped Switch Root.
Feb 23 12:58:39 Shounak-1998 systemd: systemd-journald.service: Scheduled restart job, restart counter is at 1.
Feb 23 12:58:39 Shounak-1998 systemd: Created slice Slice /system/getty.
Feb 23 12:58:39 Shounak-1998 systemd: Created slice Slice /system/modprobe.
Feb 23 12:58:39 Shounak-1998 systemd: Created slice Slice /system/sshd-keygen.
Feb 23 12:58:39 Shounak-1998 systemd: Created slice User and Session Slice.
Feb 23 12:58:39 Shounak-1998 systemd: Dispatch Password Requests to Console Directory Watch was skipped because of an unmet condition check (ConditionPathExists=!/run/plymouth/pid).
Feb 23 12:58:39 Shounak-1998 systemd: Started Forward Password Requests to Wall Directory Watch.
Feb 23 12:58:39 Shounak-1998 systemd: Set up automount Arbitrary Executable File Formats File System Automount Point.
Feb 23 12:58:39 Shounak-1998 systemd: Reached target Local Encrypted Volumes.
Feb 23 12:58:39 Shounak-1998 systemd: Reached target Login Prompts.
Feb 23 12:58:39 Shounak-1998 systemd: Stopped target Switch Root.
Feb 23 12:58:39 Shounak-1998 systemd: Stopped target Initrd File Systems.
Feb 23 12:58:39 Shounak-1998 systemd: Stopped target Initrd Root File System.
Feb 23 12:58:39 Shounak-1998 systemd: Reached target Local Integrity Protected Volumes.
Feb 23 12:58:39 Shounak-1998 systemd: Reached target Slice Units.
Feb 23 12:58:39 Shounak-1998 systemd: Reached target Local Verity Protected Volumes.
Feb 23 12:58:39 Shounak-1998 systemd: Listening on Device-mapper event daemon FIFOs.
Feb 23 12:58:39 Shounak-1998 systemd: Listening on LVM2 poll daemon socket.
Feb 23 12:58:39 Shounak-1998 systemd: multipathd control socket was skipped because of an unmet condition check (ConditionPathExists=/etc/multipath.conf).
Feb 23 12:58:39 Shounak-1998 systemd: Listening on Process Core Dump Socket.
Feb 23 12:58:39 Shounak-1998 systemd: Listening on initctl Compatibility Named Pipe.
Feb 23 12:58:39 Shounak-1998 systemd: Listening on udev Control Socket.
Feb 23 12:58:39 Shounak-1998 systemd: Listening on udev Kernel Socket.
Feb 23 12:58:39 Shounak-1998 systemd: Activating swap /dev/mapper/cs-swap...
Feb 23 12:58:39 Shounak-1998 systemd: Mounting Huge Pages File System...
Feb 23 12:58:39 Shounak-1998 systemd: Mounting POSIX Message Queue File System...
Feb 23 12:58:39 Shounak-1998 systemd: Mounting Kernel Debug File System...
Feb 23 12:58:39 Shounak-1998 systemd: Mounting Kernel Trace File System...
Feb 23 12:58:39 Shounak-1998 systemd: iscsi-starter.service was skipped because of an unmet condition check (ConditionDirectoryNotEmpty=/var/lib/iscsi/nodes).
Feb 23 12:58:39 Shounak-1998 kernel: Adding 2097148k swap on /dev/mapper/cs-swap.  Priority:-2 extents:1 across:2097148k FS
Feb 23 12:58:39 Shounak-1998 systemd: Starting Create List of Static Device Nodes...
Feb 23 12:58:39 Shounak-1998 systemd: Starting Monitoring of LVM2 mirrors, snapshots etc. using dmeventd or progress polling...
Feb 23 12:58:39 Shounak-1998 systemd: Starting Load Kernel Module configfs...
Feb 23 12:58:39 Shounak-1998 systemd: Starting Load Kernel Module drm...
Feb 23 12:58:39 Shounak-1998 systemd: Starting Load Kernel Module fuse...
Feb 23 12:58:39 Shounak-1998 systemd: Starting Read and set NIS domainname from /etc/sysconfig/network...
Feb 23 12:58:39 Shounak-1998 systemd: plymouth-switch-root.service: Deactivated successfully.
Feb 23 12:58:39 Shounak-1998 systemd: Stopped Plymouth switch root service.
Feb 23 12:58:39 Shounak-1998 systemd: systemd-fsck-root.service: Deactivated successfully.
Feb 23 12:58:39 Shounak-1998 systemd: Stopped File System Check on Root Device.
Feb 23 12:58:39 Shounak-1998 systemd: Stopped Journal Service.
Feb 23 12:58:39 Shounak-1998 systemd: Starting Journal Service...
Feb 23 12:58:39 Shounak-1998 systemd: Starting Load Kernel Modules...
Feb 23 12:58:39 Shounak-1998 systemd: Starting Generate network units from Kernel command line...
Feb 23 12:58:39 Shounak-1998 systemd: Starting Remount Root and Kernel File Systems...
Feb 23 12:58:39 Shounak-1998 systemd: Repartition Root Disk was skipped because no trigger condition checks were met.
Feb 23 12:58:39 Shounak-1998 systemd: Starting Coldplug All udev Devices...
Feb 23 12:58:39 Shounak-1998 systemd-journald[594]: Journal started
Feb 23 12:58:39 Shounak-1998 systemd-journald[594]: Runtime Journal (/run/log/journal/618aaa0ecaca445b995c8eee7befb234) is 4.4M, max 35.5M, 31.0M free.
Feb 23 12:58:39 Shounak-1998 systemd[1]: Queued start job for default target Graphical Interface.
Feb 23 12:58:39 Shounak-1998 systemd[1]: systemd-journald.service: Deactivated successfully.
Feb 23 12:58:39 Shounak-1998 systemd-modules-load[595]: Module 'msr' is built in
Feb 23 12:58:39 Shounak-1998 systemd: Activated swap /dev/mapper/cs-swap.
Feb 23 12:58:39 Shounak-1998 systemd: Started Journal Service.
Feb 23 12:58:39 Shounak-1998 systemd[1]: Mounted Huge Pages File System.
Feb 23 12:58:39 Shounak-1998 systemd[1]: Mounted POSIX Message Queue File System.
Feb 23 12:58:39 Shounak-1998 systemd[1]: Mounted Kernel Debug File System.
Feb 23 12:58:39 Shounak-1998 systemd[1]: Mounted Kernel Trace File System.
Feb 23 12:58:39 Shounak-1998 systemd[1]: Finished Create List of Static Device Nodes.
Feb 23 12:58:39 Shounak-1998 systemd[1]: modprobe@configfs.service: Deactivated successfully.
Feb 23 12:58:39 Shounak-1998 systemd[1]: Finished Load Kernel Module configfs.
Feb 23 12:58:39 Shounak-1998 systemd[1]: modprobe@drm.service: Deactivated successfully.
Feb 23 12:58:39 Shounak-1998 systemd[1]: Finished Load Kernel Module drm.
Feb 23 12:58:39 Shounak-1998 systemd[1]: modprobe@fuse.service: Deactivated successfully.
Feb 23 12:58:39 Shounak-1998 systemd[1]: Finished Load Kernel Module fuse.
Feb 23 12:58:39 Shounak-1998 systemd[1]: Finished Read and set NIS domainname from /etc/sysconfig/network.
Feb 23 12:58:39 Shounak-1998 lvm[589]:  2 logical volume(s) in volume group "cs" monitored
Feb 23 12:58:40 Shounak-1998 systemd[1]: Finished Load Kernel Modules.
Feb 23 12:58:40 Shounak-1998 systemd[1]: Finished Generate network units from Kernel command line.
Feb 23 12:58:40 Shounak-1998 systemd[1]: Finished Remount Root and Kernel File Systems.
Feb 23 12:58:40 Shounak-1998 systemd[1]: Reached target Preparation for Network.
Feb 23 12:58:40 Shounak-1998 systemd[1]: Reached target Swaps.
Feb 23 12:58:40 Shounak-1998 systemd[1]: Mounting FUSE Control File System...
Feb 23 12:58:40 Shounak-1998 systemd[1]: Mounting Kernel Configuration File System...
Feb 23 12:58:40 Shounak-1998 systemd[1]: One time configuration for iscsi.service was skipped because of an unmet condition check (ConditionPathExists=!/etc/iscsi/initiatorname.iscsi).
Feb 23 12:58:40 Shounak-1998 systemd[1]: Special handling of early boot iSCSI sessions was skipped because of an unmet condition check (ConditionDirectoryNotEmpty=/sys/class/iscsi_session).
Feb 23 12:58:40 Shounak-1998 systemd[1]: OSTree Remount OS/ Bind Mounts was skipped because of an unmet condition check (ConditionKernelCommandLine=ostree).
Feb 23 12:58:40 Shounak-1998 systemd[1]: First Boot Wizard was skipped because of an unmet condition check (ConditionFirstBoot=yes).
Feb 23 12:58:40 Shounak-1998 systemd[1]: Rebuild Hardware Database was skipped because of an unmet condition check (ConditionNeedsUpdate=/etc).
Feb 23 12:58:40 Shounak-1998 systemd[1]: Starting Flush Journal to Persistent Storage...
Feb 23 12:58:40 Shounak-1998 systemd[1]: Starting Load/Save Random Seed...
Feb 23 12:58:40 Shounak-1998 systemd[1]: Starting Apply Kernel Variables...
Feb 23 12:58:40 Shounak-1998 systemd[1]: Create System Users was skipped because no trigger condition checks were met.
Feb 23 12:58:40 Shounak-1998 systemd-journald[594]: Runtime Journal (/run/log/journal/618aaa0ecaca445b995c8eee7befb234) is 4.4M, max 35.5M, 31.0M free.
Feb 23 12:58:40 Shounak-1998 systemd-journald[594]: Received client request to flush runtime journal.
Feb 23 12:58:40 Shounak-1998 systemd[1]: Starting Create Static Device Nodes in /dev...
Feb 23 12:58:40 Shounak-1998 systemd[1]: Finished Monitoring of LVM2 mirrors, snapshots etc. using dmeventd or progress polling.
Feb 23 12:58:40 Shounak-1998 systemd[1]: Mounted FUSE Control File System.
Feb 23 12:58:40 Shounak-1998 systemd[1]: Mounted Kernel Configuration File System.
Feb 23 12:58:40 Shounak-1998 systemd[1]: Finished Flush Journal to Persistent Storage.
Feb 23 12:58:40 Shounak-1998 systemd[1]: Finished Load/Save Random Seed.
Feb 23 12:58:40 Shounak-1998 systemd[1]: Finished Apply Kernel Variables.
Feb 23 12:58:40 Shounak-1998 systemd[1]: First Boot Complete was skipped because of an unmet condition check (ConditionFirstBoot=yes).
Feb 23 12:58:40 Shounak-1998 systemd[1]: Finished Coldplug All udev Devices.
Feb 23 12:58:40 Shounak-1998 systemd[1]: Starting Wait for udev To Complete Device Initialization...
Feb 23 12:58:40 Shounak-1998 udevadm[608]: systemd-udev-settle.service is deprecated. Please fix multipathd.service not to pull it in.
Feb 23 12:58:40 Shounak-1998 systemd[1]: Finished Create Static Device Nodes in /dev.
Feb 23 12:58:40 Shounak-1998 systemd[1]: Starting Rule-based Manager for Device Events and Files...
Feb 23 12:58:40 Shounak-1998 systemd-udevd[609]: Using default interface naming scheme 'rhel-9.0'.
Feb 23 12:58:40 Shounak-1998 systemd[1]: Started Rule-based Manager for Device Events and Files.
Feb 23 12:58:40 Shounak-1998 systemd[1]: Auto-connect to subsystems on FC-NVME devices found during boot was skipped because of an unmet condition check (ConditionPathExists=/sys/class/fc/fc_udev_device/nvme_discovery).
Feb 23 12:58:40 Shounak-1998 systemd[1]: Starting Load Kernel Module configfs...
Feb 23 12:58:40 Shounak-1998 systemd[1]: modprobe@configfs.service: Deactivated successfully.
Feb 23 12:58:40 Shounak-1998 systemd[1]: Finished Load Kernel Module configfs.
Feb 23 12:58:40 Shounak-1998 systemd[1]: Starting Load Kernel Module fuse...
Feb 23 12:58:40 Shounak-1998 systemd[1]: modprobe@fuse.service: Deactivated successfully.
Feb 23 12:58:40 Shounak-1998 systemd[1]: Finished Load Kernel Module fuse.
Feb 23 12:58:40 Shounak-1998 kernel: piix4_smbus 0000:00:07.0: SMBus Host Controller at 0x4100, revision 0
Feb 23 12:58:40 Shounak-1998 systemd[1]: Condition check resulted in VBOX_HARDDISK 1 being skipped.
Feb 23 12:58:40 Shounak-1998 kernel: input: PC Speaker as /devices/platform/pcspkr/input/input6
Feb 23 12:58:40 Shounak-1998 lvm[647]: PV /dev/sda2 online, VG cs is complete.
Feb 23 12:58:40 Shounak-1998 kernel: intel_rapl_common: Found RAPL domain package
Feb 23 12:58:40 Shounak-1998 kernel: intel_rapl_common: Found RAPL domain core
Feb 23 12:58:40 Shounak-1998 systemd[1]: Started /usr/sbin/lvm vgchange -aay --autoactivation event cs.
Feb 23 12:58:40 Shounak-1998 lvm[675]:  2 logical volume(s) in volume group "cs" now active
Feb 23 12:58:40 Shounak-1998 systemd[1]: lvm-activate-cs.service: Deactivated successfully.
Feb 23 12:58:41 Shounak-1998 kernel: snd_intel8x0 0000:00:05.0: allow list rate for 1028:0177 is 48000
Feb 23 12:58:41 Shounak-1998 systemd[1]: Dispatch Password Requests to Console Directory Watch was skipped because of an unmet condition check (ConditionPathExists=!/run/plymouth/pid).
Feb 23 12:58:41 Shounak-1998 systemd[1]: Special handling of early boot iSCSI sessions was skipped because of an unmet condition check (ConditionDirectoryNotEmpty=/sys/class/iscsi_session).
Feb 23 12:58:41 Shounak-1998 systemd[1]: iscsi-starter.service was skipped because of an unmet condition check (ConditionDirectoryNotEmpty=/var/lib/iscsi/nodes).
Feb 23 12:58:41 Shounak-1998 systemd[1]: OSTree Remount OS/ Bind Mounts was skipped because of an unmet condition check (ConditionKernelCommandLine=ostree).
Feb 23 12:58:41 Shounak-1998 systemd[1]: First Boot Wizard was skipped because of an unmet condition check (ConditionFirstBoot=yes).
Feb 23 12:58:41 Shounak-1998 systemd[1]: First Boot Complete was skipped because of an unmet condition check (ConditionFirstBoot=yes).
Feb 23 12:58:41 Shounak-1998 systemd[1]: Rebuild Hardware Database was skipped because of an unmet condition check (ConditionNeedsUpdate=/etc).
Feb 23 12:58:41 Shounak-1998 systemd[1]: Repartition Root Disk was skipped because no trigger condition checks were met.
Feb 23 12:58:41 Shounak-1998 systemd[1]: Create System Users was skipped because no trigger condition checks were met.
Feb 23 12:58:41 Shounak-1998 systemd[1]: Finished Wait for udev To Complete Device Initialization.
Feb 23 12:58:41 Shounak-1998 systemd[1]: Device-Mapper Multipath Device Controller was skipped because of an unmet condition check (ConditionPathExists=/etc/multipath.conf).
Feb 23 12:58:41 Shounak-1998 systemd[1]: Reached target Preparation for Local File Systems.
Feb 23 12:58:41 Shounak-1998 systemd[1]: Mounting /boot...
Feb 23 12:58:41 Shounak-1998 kernel: XFS (sda1): Mounting V5 Filesystem ee03c85b-2854-4929-ba01-a3ed71c44e32
Feb 23 12:58:41 Shounak-1998 kernel: XFS (sda1): Ending clean mount
Feb 23 12:58:41 Shounak-1998 systemd[1]: Mounted /boot.
Feb 23 12:58:41 Shounak-1998 systemd[1]: Reached target Local File Systems.
Feb 23 12:58:41 Shounak-1998 systemd[1]: Rebuild Dynamic Linker Cache was skipped because no trigger condition checks were met.
Feb 23 12:58:41 Shounak-1998 systemd[1]: Starting Tell Plymouth To Write Out Runtime Data...
Feb 23 12:58:41 Shounak-1998 systemd[1]: Mark the need to relabel after reboot was skipped because of an unmet condition check (ConditionSecurity=!selinux).
Feb 23 12:58:41 Shounak-1998 systemd[1]: Starting Set Up Additional Binary Formats...
Feb 23 12:58:41 Shounak-1998 systemd[1]: Store a System Token in an EFI Variable was skipped because of an unmet condition check (ConditionPathExists=/sys/firmware/efi/efivars/LoaderFeatures-4a67b082-0a4c-41cf-b6c7-440b29bb8c4f).
Feb 23 12:58:41 Shounak-1998 systemd[1]: Starting Automatic Boot Loader Update...
Feb 23 12:58:41 Shounak-1998 systemd[1]: Commit a transient machine-id on disk was skipped because of an unmet condition check (ConditionPathIsMountPoint=/etc/machine-id).
Feb 23 12:58:41 Shounak-1998 systemd[1]: Starting Create Volatile Files and Directories...
Feb 23 12:58:41 Shounak-1998 systemd[1]: Finished Tell Plymouth To Write Out Runtime Data.
Feb 23 12:58:41 Shounak-1998 systemd[1]: Received SIGRTMIN+20 from PID 367 (plymouthd).
Feb 23 12:58:41 Shounak-1998 systemd[1]: proc-sys-fs-binfmt_misc.automount: Got automount request for /proc/sys/fs/binfmt_misc, triggered by 687 (systemd-binfmt)
Feb 23 12:58:41 Shounak-1998 bootctl[688]: Couldn't find EFI system partition, skipping.
Feb 23 12:58:41 Shounak-1998 systemd[1]: Mounting Arbitrary Executable File Formats File System...
Feb 23 12:58:41 Shounak-1998 systemd[1]: Finished Automatic Boot Loader Update.
Feb 23 12:58:41 Shounak-1998 systemd[1]: Mounted Arbitrary Executable File Formats File System.
Feb 23 12:58:41 Shounak-1998 systemd[1]: Finished Set Up Additional Binary Formats.
Feb 23 12:58:41 Shounak-1998 systemd[1]: Finished Create Volatile Files and Directories.
Feb 23 12:58:41 Shounak-1998 systemd[1]: Starting Security Auditing Service...
Feb 23 12:58:41 Shounak-1998 systemd[1]: Rebuild Journal Catalog was skipped because of an unmet condition check (ConditionNeedsUpdate=/var).
Feb 23 12:58:41 Shounak-1998 systemd[1]: Update is Completed was skipped because no trigger condition checks were met.
Feb 23 12:58:41 Shounak-1998 auditd[694]: audit dispatcher initialized with q_depth=2000 and 1 active plugins
Feb 23 12:58:41 Shounak-1998 auditd[694]: Init complete, auditd 3.1.2 listening for events (startup state enable)
Feb 23 12:58:41 Shounak-1998 augenrules[699]: /sbin/augenrules: No change
Feb 23 12:58:41 Shounak-1998 augenrules[709]: No rules
Feb 23 12:58:41 Shounak-1998 augenrules[709]: enabled 1
Feb 23 12:58:41 Shounak-1998 augenrules[709]: failure 1
Feb 23 12:58:41 Shounak-1998 augenrules[709]: pid 694
Feb 23 12:58:41 Shounak-1998 augenrules[709]: rate_limit 0
Feb 23 12:58:41 Shounak-1998 augenrules[709]: backlog_limit 8192
Feb 23 12:58:41 Shounak-1998 augenrules[709]: lost 0
Feb 23 12:58:41 Shounak-1998 augenrules[709]: backlog 3
Feb 23 12:58:41 Shounak-1998 augenrules[709]: backlog_wait_time 60000
Feb 23 12:58:41 Shounak-1998 augenrules[709]: backlog_wait_time_actual 0
Feb 23 12:58:41 Shounak-1998 augenrules[709]: enabled 1
Feb 23 12:58:41 Shounak-1998 augenrules[709]: failure 1
Feb 23 12:58:41 Shounak-1998 augenrules[709]: pid 694
Feb 23 12:58:41 Shounak-1998 augenrules[709]: rate_limit 0
Feb 23 12:58:41 Shounak-1998 augenrules[709]: backlog_limit 8192
Feb 23 12:58:41 Shounak-1998 augenrules[709]: lost 0
Feb 23 12:58:41 Shounak-1998 augenrules[709]: backlog 4
Feb 23 12:58:41 Shounak-1998 augenrules[709]: backlog_wait_time 60000
Feb 23 12:58:41 Shounak-1998 augenrules[709]: backlog_wait_time_actual 0
Feb 23 12:58:41 Shounak-1998 augenrules[709]: enabled 1
Feb 23 12:58:41 Shounak-1998 augenrules[709]: failure 1
Feb 23 12:58:41 Shounak-1998 augenrules[709]: pid 694
Feb 23 12:58:41 Shounak-1998 augenrules[709]: rate_limit 0
Feb 23 12:58:41 Shounak-1998 augenrules[709]: backlog_limit 8192
Feb 23 12:58:41 Shounak-1998 augenrules[709]: lost 0
Feb 23 12:58:41 Shounak-1998 augenrules[709]: backlog 8
Feb 23 12:58:41 Shounak-1998 augenrules[709]: backlog_wait_time 60000
Feb 23 12:58:41 Shounak-1998 augenrules[709]: backlog_wait_time_actual 0
Feb 23 12:58:41 Shounak-1998 systemd[1]: Started Security Auditing Service.
Feb 23 12:58:41 Shounak-1998 systemd[1]: Starting Record System Boot/Shutdown in UTMP...
Feb 23 12:58:41 Shounak-1998 systemd[1]: Finished Record System Boot/Shutdown in UTMP.
Feb 23 12:58:41 Shounak-1998 systemd[1]: Reached target System Initialization.
Feb 23 12:58:41 Shounak-1998 systemd[1]: Started CUPS Scheduler.
Feb 23 12:58:41 Shounak-1998 systemd[1]: Started dnf makecache --timer.
Feb 23 12:58:41 Shounak-1998 systemd[1]: Started Daily rotation of log files.
Feb 23 12:58:41 Shounak-1998 systemd[1]: Started Updates mlocate database every day.
Feb 23 12:58:41 Shounak-1998 systemd[1]: Started Daily Cleanup of Temporary Directories.
Feb 23 12:58:41 Shounak-1998 systemd[1]: Reached target Path Units.
Feb 23 12:58:41 Shounak-1998 systemd[1]: Reached target Timer Units.
Feb 23 12:58:41 Shounak-1998 systemd[1]: Listening on Avahi mDNS/DNS-SD Stack Activation Socket.
Feb 23 12:58:41 Shounak-1998 systemd[1]: Listening on CUPS Scheduler.
Feb 23 12:58:41 Shounak-1998 systemd[1]: Listening on D-Bus System Message Bus Socket.
Feb 23 12:58:41 Shounak-1998 systemd[1]: Listening on Open-iSCSI iscsid Socket.
Feb 23 12:58:41 Shounak-1998 systemd[1]: Listening on Open-iSCSI iscsiuio Socket.
Feb 23 12:58:41 Shounak-1998 systemd[1]: Listening on SSSD Kerberos Cache Manager responder socket.
Feb 23 12:58:41 Shounak-1998 systemd[1]: Reached target Socket Units.
Feb 23 12:58:41 Shounak-1998 systemd[1]: Starting D-Bus System Message Bus...
Feb 23 12:58:41 Shounak-1998 systemd[1]: TPM2 PCR Barrier (Initialization) was skipped because of an unmet condition check (ConditionPathExists=/sys/firmware/efi/efivars/StubPcrKernelImage-4a67b082-0a4c-41cf-b6c7-440b29bb8c4f).
Feb 23 12:58:41 Shounak-1998 systemd[1]: Started D-Bus System Message Bus.
Feb 23 12:58:41 Shounak-1998 systemd[1]: Reached target Basic System.
Feb 23 12:58:41 Shounak-1998 dbus-broker-lau[717]: Ready
Feb 23 12:58:41 Shounak-1998 systemd[1]: Starting Network Manager...
Feb 23 12:58:41 Shounak-1998 systemd[1]: Starting Avahi mDNS/DNS-SD Stack...
Feb 23 12:58:41 Shounak-1998 systemd[1]: Starting NTP client/server...
Feb 23 12:58:41 Shounak-1998 avahi-daemon[720]: Found user 'avahi' (UID 70) and group 'avahi' (GID 70).
Feb 23 12:58:41 Shounak-1998 systemd[1]: Starting Restore /run/initramfs on shutdown...
Feb 23 12:58:41 Shounak-1998 systemd[1]: Started irqbalance daemon.
Feb 23 12:58:41 Shounak-1998 systemd[1]: Started libstoragemgmt plug-in server daemon.
Feb 23 12:58:41 Shounak-1998 systemd[1]: Low Memory Monitor was skipped because of an unmet condition check (ConditionPathExists=/proc/pressure).
Feb 23 12:58:41 Shounak-1998 systemd[1]: Started Machine Check Exception Logging Daemon.
Feb 23 12:58:41 Shounak-1998 systemd[1]: Software RAID monitoring and management was skipped because of an unmet condition check (ConditionPathExists=/etc/mdadm.conf).
Feb 23 12:58:41 Shounak-1998 systemd[1]: Load CPU microcode update was skipped because of an unmet condition check (ConditionPathExists=/sys/devices/system/cpu/microcode/reload).
Feb 23 12:58:41 Shounak-1998 systemd[1]: Read-Only Sysroot Migration was skipped because of an unmet condition check (ConditionPathIsReadWrite=/sysroot).
Feb 23 12:58:41 Shounak-1998 systemd[1]: Starting Authorization Manager...
Feb 23 12:58:41 Shounak-1998 mcelog[725]: mcelog: ERROR: AMD Processor family 23: mcelog does not support this processor.  Please use the edac_mce_amd module instead.
Feb 23 12:58:41 Shounak-1998 mcelog[725]: CPU is unsupported
Feb 23 12:58:41 Shounak-1998 systemd[1]: Starting RealtimeKit Scheduling Policy Service...
Feb 23 12:58:41 Shounak-1998 systemd[1]: Self Monitoring and Reporting Technology (SMART) Daemon was skipped because of an unmet condition check (ConditionVirtualization=no).
Feb 23 12:58:41 Shounak-1998 systemd[1]: OpenSSH ecdsa Server Key Generation was skipped because no trigger condition checks were met.
Feb 23 12:58:41 Shounak-1998 systemd[1]: OpenSSH ed25519 Server Key Generation was skipped because no trigger condition checks were met.
Feb 23 12:58:41 Shounak-1998 systemd[1]: OpenSSH rsa Server Key Generation was skipped because no trigger condition checks were met.
Feb 23 12:58:41 Shounak-1998 systemd[1]: Reached target sshd-keygen.target.
Feb 23 12:58:41 Shounak-1998 systemd[1]: System Security Services Daemon was skipped because no trigger condition checks were met.
Feb 23 12:58:41 Shounak-1998 systemd[1]: Reached target User and Group Name Lookups.
Feb 23 12:58:41 Shounak-1998 systemd[1]: Starting Accounts Service...
Feb 23 12:58:41 Shounak-1998 systemd[1]: Starting Switcheroo Control Proxy service...
Feb 23 12:58:41 Shounak-1998 chronyd[734]: chronyd version 4.5 starting (+CMDMON +NTP +REFCLOCK +RTC +PRIVDROP +SCFILTER +SIGND +ASYNCDNS +NTS +SECHASH +IPV6 +DEBUG)
Feb 23 12:58:41 Shounak-1998 systemd[1]: Starting User Login Management...
Feb 23 12:58:41 Shounak-1998 chronyd[734]: Loaded 0 symmetric keys
Feb 23 12:58:41 Shounak-1998 chronyd[734]: Frequency -10.227 +/- 0.185 ppm read from /var/lib/chrony/drift
Feb 23 12:58:41 Shounak-1998 systemd[1]: Starting Disk Manager...
Feb 23 12:58:41 Shounak-1998 chronyd[734]: Using right/UTC timezone to obtain leap second data
Feb 23 12:58:41 Shounak-1998 chronyd[734]: Loaded seccomp filter (level 2)
Feb 23 12:58:41 Shounak-1998 NetworkManager[719]: <info>  [1708673321.8207] NetworkManager (version 1.45.10-1.el9) is starting... (boot:7897e745-0da7-4490-a60a-a72c8396c322)
Feb 23 12:58:41 Shounak-1998 NetworkManager[719]: <info>  [1708673321.8212] Read config: /etc/NetworkManager/NetworkManager.conf (lib: 00-server.conf) (run: 15-carrier-timeout.conf)
Feb 23 12:58:41 Shounak-1998 systemd[1]: Starting Daemon for power management...
Feb 23 12:58:41 Shounak-1998 systemd[1]: VGAuth Service for open-vm-tools was skipped because of an unmet condition check (ConditionVirtualization=vmware).
Feb 23 12:58:41 Shounak-1998 systemd[1]: Service for virtual machines hosted on VMware was skipped because of an unmet condition check (ConditionVirtualization=vmware).
Feb 23 12:58:41 Shounak-1998 udisksd[739]: udisks daemon version 2.9.4 starting
Feb 23 12:58:41 Shounak-1998 NetworkManager[719]: <info>  [1708673321.8755] manager[0x55e137ce5080]: monitoring kernel firmware directory '/lib/firmware'.
Feb 23 12:58:41 Shounak-1998 systemd[1]: Starting Rotate log files...
Feb 23 12:58:41 Shounak-1998 systemd[1]: Started Update a database for mlocate.
Feb 23 12:58:41 Shounak-1998 systemd[1]: Started NTP client/server.
Feb 23 12:58:41 Shounak-1998 systemd[1]: Finished Restore /run/initramfs on shutdown.
Feb 23 12:58:41 Shounak-1998 systemd[1]: mcelog.service: Main process exited, code=exited, status=1/FAILURE
Feb 23 12:58:41 Shounak-1998 systemd[1]: mcelog.service: Failed with result 'exit-code'.
Feb 23 12:58:41 Shounak-1998 avahi-daemon[720]: Successfully dropped root privileges.
Feb 23 12:58:41 Shounak-1998 avahi-daemon[720]: avahi-daemon 0.8 starting up.
Feb 23 12:58:41 Shounak-1998 avahi-daemon[720]: WARNING: No NSS support for mDNS detected, consider installing nss-mdns!
Feb 23 12:58:41 Shounak-1998 avahi-daemon[720]: Successfully called chroot().
Feb 23 12:58:41 Shounak-1998 avahi-daemon[720]: Successfully dropped remaining capabilities.
Feb 23 12:58:41 Shounak-1998 avahi-daemon[720]: No service file found in /etc/avahi/services.
Feb 23 12:58:41 Shounak-1998 avahi-daemon[720]: Joining mDNS multicast group on interface lo.IPv6 with address ::1.
Feb 23 12:58:41 Shounak-1998 avahi-daemon[720]: New relevant interface lo.IPv6 for mDNS.
Feb 23 12:58:41 Shounak-1998 avahi-daemon[720]: Joining mDNS multicast group on interface lo.IPv4 with address 127.0.0.1.
Feb 23 12:58:41 Shounak-1998 avahi-daemon[720]: New relevant interface lo.IPv4 for mDNS.
Feb 23 12:58:41 Shounak-1998 avahi-daemon[720]: Network interface enumeration completed.
Feb 23 12:58:41 Shounak-1998 avahi-daemon[720]: Registering new address record for ::1 on lo.*.
Feb 23 12:58:41 Shounak-1998 avahi-daemon[720]: Registering new address record for 127.0.0.1 on lo.IPv4.
Feb 23 12:58:41 Shounak-1998 systemd[1]: Started Switcheroo Control Proxy service.
Feb 23 12:58:41 Shounak-1998 polkitd[727]: Started polkitd version 0.117
Feb 23 12:58:41 Shounak-1998 systemd[1]: Started RealtimeKit Scheduling Policy Service.
Feb 23 12:58:41 Shounak-1998 systemd[1]: Started Avahi mDNS/DNS-SD Stack.
Feb 23 12:58:42 Shounak-1998 systemd[1]: Save/Restore Sound Card State was skipped because of an unmet condition check (ConditionPathExists=!/etc/alsa/state-daemon.conf).
Feb 23 12:58:42 Shounak-1998 alsactl[765]: alsactl 1.2.10 daemon started
Feb 23 12:58:42 Shounak-1998 alsactl[765]: alsa-lib main.c:1554:(snd_use_case_mgr_open) error: failed to import hw:0 use case configuration -2
Feb 23 12:58:42 Shounak-1998 systemd[1]: Started Manage Sound Card State (restore and store).
Feb 23 12:58:42 Shounak-1998 systemd[1]: Reached target Sound Card.
Feb 23 12:58:42 Shounak-1998 systemd[1]: Starting Load Kernel Module drm...
Feb 23 12:58:42 Shounak-1998 systemd[1]: Starting Hostname Service...
Feb 23 12:58:42 Shounak-1998 systemd[1]: modprobe@drm.service: Deactivated successfully.
Feb 23 12:58:42 Shounak-1998 systemd[1]: Finished Load Kernel Module drm.
Feb 23 12:58:42 Shounak-1998 systemd-logind[738]: New seat seat0.
Feb 23 12:58:42 Shounak-1998 systemd-logind[738]: Watching system buttons on /dev/input/event0 (Power Button)
Feb 23 12:58:42 Shounak-1998 systemd-logind[738]: Watching system buttons on /dev/input/event1 (Sleep Button)
Feb 23 12:58:42 Shounak-1998 systemd-logind[738]: Watching system buttons on /dev/input/event2 (AT Translated Set 2 keyboard)
Feb 23 12:58:42 Shounak-1998 systemd[1]: Started User Login Management.
Feb 23 12:58:42 Shounak-1998 systemd[1]: Started Authorization Manager.
Feb 23 12:58:42 Shounak-1998 accounts-daemon[729]: started daemon version 0.6.55
Feb 23 12:58:42 Shounak-1998 systemd[1]: Starting Modem Manager...
Feb 23 12:58:42 Shounak-1998 systemd[1]: Started Accounts Service.
Feb 23 12:58:42 Shounak-1998 systemd[1]: Started Daemon for power management.
Feb 23 12:58:42 Shounak-1998 systemd[1]: logrotate.service: Deactivated successfully.
Feb 23 12:58:42 Shounak-1998 systemd[1]: Finished Rotate log files.
Feb 23 12:58:42 Shounak-1998 systemd[1]: Started Hostname Service.
Feb 23 12:58:42 Shounak-1998 NetworkManager[719]: <info>  [1708673322.2247] hostname: hostname: using hostnamed
Feb 23 12:58:42 Shounak-1998 NetworkManager[719]: <info>  [1708673322.2251] hostname: static hostname changed from (none) to "Shounak-1998"
Feb 23 12:58:42 Shounak-1998 NetworkManager[719]: <info>  [1708673322.2269] dns-mgr: init: dns=default,systemd-resolved rc-manager=symlink (auto)
Feb 23 12:58:42 Shounak-1998 NetworkManager[719]: <info>  [1708673322.2562] manager[0x55e137ce5080]: rfkill: Wi-Fi hardware radio set enabled
Feb 23 12:58:42 Shounak-1998 NetworkManager[719]: <info>  [1708673322.2564] manager[0x55e137ce5080]: rfkill: WWAN hardware radio set enabled
Feb 23 12:58:42 Shounak-1998 ModemManager[775]: <info>  ModemManager (version 1.20.2-1.el9) starting in system bus...
Feb 23 12:58:42 Shounak-1998 systemd[1]: Listening on Load/Save RF Kill Switch Status /dev/rfkill Watch.
Feb 23 12:58:42 Shounak-1998 NetworkManager[719]: <info>  [1708673322.2894] Loaded device plugin: NMBluezManager (/usr/lib64/NetworkManager/1.45.10-1.el9/libnm-device-plugin-bluetooth.so)
Feb 23 12:58:42 Shounak-1998 NetworkManager[719]: <info>  [1708673322.2932] Loaded device plugin: NMAtmManager (/usr/lib64/NetworkManager/1.45.10-1.el9/libnm-device-plugin-adsl.so)
Feb 23 12:58:42 Shounak-1998 NetworkManager[719]: <info>  [1708673322.2976] Loaded device plugin: NMWifiFactory (/usr/lib64/NetworkManager/1.45.10-1.el9/libnm-device-plugin-wifi.so)
Feb 23 12:58:42 Shounak-1998 NetworkManager[719]: <info>  [1708673322.3061] Loaded device plugin: NMTeamFactory (/usr/lib64/NetworkManager/1.45.10-1.el9/libnm-device-plugin-team.so)
Feb 23 12:58:42 Shounak-1998 NetworkManager[719]: <info>  [1708673322.3078] Loaded device plugin: NMWwanFactory (/usr/lib64/NetworkManager/1.45.10-1.el9/libnm-device-plugin-wwan.so)
Feb 23 12:58:42 Shounak-1998 NetworkManager[719]: <info>  [1708673322.3084] manager: rfkill: Wi-Fi enabled by radio killswitch; enabled by state file
Feb 23 12:58:42 Shounak-1998 NetworkManager[719]: <info>  [1708673322.3105] manager: rfkill: WWAN enabled by radio killswitch; enabled by state file
Feb 23 12:58:42 Shounak-1998 NetworkManager[719]: <info>  [1708673322.3107] manager: Networking is enabled by state file
Feb 23 12:58:42 Shounak-1998 NetworkManager[719]: <info>  [1708673322.3149] settings: Loaded settings plugin: keyfile (internal)
Feb 23 12:58:42 Shounak-1998 NetworkManager[719]: <info>  [1708673322.3213] settings: Loaded settings plugin: ifcfg-rh ("/usr/lib64/NetworkManager/1.45.10-1.el9/libnm-settings-plugin-ifcfg-rh.so")
Feb 23 12:58:42 Shounak-1998 systemd[1]: Starting Network Manager Script Dispatcher Service...
Feb 23 12:58:42 Shounak-1998 NetworkManager[719]: <info>  [1708673322.3331] dhcp: init: Using DHCP client 'internal'
Feb 23 12:58:42 Shounak-1998 NetworkManager[719]: <info>  [1708673322.3338] manager: (lo): new Loopback device (/org/freedesktop/NetworkManager/Devices/1)
Feb 23 12:58:42 Shounak-1998 NetworkManager[719]: <info>  [1708673322.3489] device (lo): state change: unmanaged -> unavailable (reason 'connection-assumed', sys-iface-state: 'external')
Feb 23 12:58:42 Shounak-1998 NetworkManager[719]: <info>  [1708673322.3495] device (lo): state change: unavailable -> disconnected (reason 'connection-assumed', sys-iface-state: 'external')
Feb 23 12:58:42 Shounak-1998 NetworkManager[719]: <info>  [1708673322.3502] device (lo): Activation: starting connection 'lo' (c5ee2719-1bf0-4bfc-8234-447f415bf300)
Feb 23 12:58:42 Shounak-1998 NetworkManager[719]: <info>  [1708673322.3511] manager: (enp0s3): new Ethernet device (/org/freedesktop/NetworkManager/Devices/2)
Feb 23 12:58:42 Shounak-1998 systemd[1]: Started Network Manager Script Dispatcher Service.
Feb 23 12:58:42 Shounak-1998 NetworkManager[719]: <info>  [1708673322.3513] device (enp0s3): state change: unmanaged -> unavailable (reason 'managed', sys-iface-state: 'external')
Feb 23 12:58:42 Shounak-1998 kernel: e1000: enp0s3 NIC Link is Up 1000 Mbps Full Duplex, Flow Control: RX
Feb 23 12:58:42 Shounak-1998 kernel: IPv6: ADDRCONF(NETDEV_CHANGE): enp0s3: link becomes ready
Feb 23 12:58:42 Shounak-1998 systemd[1]: Started Network Manager.
Feb 23 12:58:42 Shounak-1998 systemd[1]: Reached target Network.
Feb 23 12:58:42 Shounak-1998 NetworkManager[719]: <info>  [1708673322.3696] bus-manager: acquired D-Bus service "org.freedesktop.NetworkManager"
Feb 23 12:58:42 Shounak-1998 systemd[1]: Starting Network Manager Wait Online...
Feb 23 12:58:42 Shounak-1998 systemd[1]: Starting CUPS Scheduler...
Feb 23 12:58:42 Shounak-1998 NetworkManager[719]: <info>  [1708673322.4013] device (lo): state change: disconnected -> prepare (reason 'none', sys-iface-state: 'external')
Feb 23 12:58:42 Shounak-1998 NetworkManager[719]: <info>  [1708673322.4041] device (lo): state change: prepare -> config (reason 'none', sys-iface-state: 'external')
Feb 23 12:58:42 Shounak-1998 NetworkManager[719]: <info>  [1708673322.4067] device (lo): state change: config -> ip-config (reason 'none', sys-iface-state: 'external')
Feb 23 12:58:42 Shounak-1998 systemd[1]: Starting OpenSSH server daemon...
Feb 23 12:58:42 Shounak-1998 NetworkManager[719]: <info>  [1708673322.4125] device (enp0s3): carrier: link connected
Feb 23 12:58:42 Shounak-1998 systemd[1]: Starting Dynamic System Tuning Daemon...
Feb 23 12:58:42 Shounak-1998 NetworkManager[719]: <info>  [1708673322.4304] device (lo): state change: ip-config -> ip-check (reason 'none', sys-iface-state: 'external')
Feb 23 12:58:42 Shounak-1998 NetworkManager[719]: <info>  [1708673322.4431] device (enp0s3): state change: unavailable -> disconnected (reason 'carrier-changed', sys-iface-state: 'managed')
Feb 23 12:58:42 Shounak-1998 NetworkManager[719]: <info>  [1708673322.4574] policy: auto-activating connection 'enp0s3' (10d80fa6-2e23-3875-a8b9-09064676450b)
Feb 23 12:58:42 Shounak-1998 NetworkManager[719]: <info>  [1708673322.4577] device (lo): state change: ip-check -> secondaries (reason 'none', sys-iface-state: 'external')
Feb 23 12:58:42 Shounak-1998 systemd[1]: Started CUPS Scheduler.
Feb 23 12:58:42 Shounak-1998 NetworkManager[719]: <info>  [1708673322.4772] device (enp0s3): Activation: starting connection 'enp0s3' (10d80fa6-2e23-3875-a8b9-09064676450b)
Feb 23 12:58:42 Shounak-1998 NetworkManager[719]: <info>  [1708673322.4773] device (lo): state change: secondaries -> activated (reason 'none', sys-iface-state: 'external')
Feb 23 12:58:42 Shounak-1998 NetworkManager[719]: <info>  [1708673322.4782] device (lo): Activation: successful, device activated.
Feb 23 12:58:42 Shounak-1998 NetworkManager[719]: <info>  [1708673322.4972] device (enp0s3): state change: disconnected -> prepare (reason 'none', sys-iface-state: 'managed')
Feb 23 12:58:42 Shounak-1998 systemd[1]: Started OpenSSH server daemon.
Feb 23 12:58:42 Shounak-1998 NetworkManager[719]: <info>  [1708673322.5054] manager: NetworkManager state is now CONNECTING
Feb 23 12:58:42 Shounak-1998 NetworkManager[719]: <info>  [1708673322.5082] device (enp0s3): state change: prepare -> config (reason 'none', sys-iface-state: 'managed')
Feb 23 12:58:42 Shounak-1998 NetworkManager[719]: <info>  [1708673322.5142] device (enp0s3): state change: config -> ip-config (reason 'none', sys-iface-state: 'managed')
Feb 23 12:58:42 Shounak-1998 kernel: NET: Registered PF_QIPCRTR protocol family
Feb 23 12:58:42 Shounak-1998 NetworkManager[719]: <info>  [1708673322.5168] dhcp4 (enp0s3): activation: beginning transaction (timeout in 45 seconds)
Feb 23 12:58:42 Shounak-1998 systemd[1]: Started Modem Manager.
Feb 23 12:58:42 Shounak-1998 NetworkManager[719]: <info>  [1708673322.5241] modem-manager: ModemManager not available
Feb 23 12:58:42 Shounak-1998 systemd[1]: Started Disk Manager.
Feb 23 12:58:42 Shounak-1998 avahi-daemon[720]: Joining mDNS multicast group on interface enp0s3.IPv6 with address fe80::a00:27ff:fe05:b222.
Feb 23 12:58:42 Shounak-1998 avahi-daemon[720]: New relevant interface enp0s3.IPv6 for mDNS.
Feb 23 12:58:42 Shounak-1998 avahi-daemon[720]: Registering new address record for fe80::a00:27ff:fe05:b222 on enp0s3.*.
Feb 23 12:58:42 Shounak-1998 udisksd[739]: Acquired the name org.freedesktop.UDisks2 on the system message bus
Feb 23 12:58:42 Shounak-1998 NetworkManager[719]: <info>  [1708673322.6359] modem-manager: ModemManager now available
Feb 23 12:58:42 Shounak-1998 NetworkManager[719]: <info>  [1708673322.6728] dhcp4 (enp0s3): state changed new lease, address=192.168.29.145
Feb 23 12:58:42 Shounak-1998 NetworkManager[719]: <info>  [1708673322.6733] policy: set 'enp0s3' (enp0s3) as default for IPv4 routing and DNS
Feb 23 12:58:42 Shounak-1998 avahi-daemon[720]: Joining mDNS multicast group on interface enp0s3.IPv4 with address 192.168.29.145.
Feb 23 12:58:42 Shounak-1998 avahi-daemon[720]: New relevant interface enp0s3.IPv4 for mDNS.
Feb 23 12:58:42 Shounak-1998 avahi-daemon[720]: Registering new address record for 192.168.29.145 on enp0s3.IPv4.
Feb 23 12:58:42 Shounak-1998 NetworkManager[719]: <info>  [1708673322.6888] device (enp0s3): state change: ip-config -> ip-check (reason 'none', sys-iface-state: 'managed')
Feb 23 12:58:42 Shounak-1998 NetworkManager[719]: <info>  [1708673322.6955] device (enp0s3): state change: ip-check -> secondaries (reason 'none', sys-iface-state: 'managed')
Feb 23 12:58:42 Shounak-1998 NetworkManager[719]: <info>  [1708673322.6959] device (enp0s3): state change: secondaries -> activated (reason 'none', sys-iface-state: 'managed')
Feb 23 12:58:42 Shounak-1998 NetworkManager[719]: <info>  [1708673322.6965] manager: NetworkManager state is now CONNECTED_SITE
Feb 23 12:58:42 Shounak-1998 NetworkManager[719]: <info>  [1708673322.6970] device (enp0s3): Activation: successful, device activated.
Feb 23 12:58:42 Shounak-1998 NetworkManager[719]: <info>  [1708673322.7013] manager: NetworkManager state is now CONNECTED_GLOBAL
Feb 23 12:58:42 Shounak-1998 NetworkManager[719]: <info>  [1708673322.7043] manager: startup complete
Feb 23 12:58:42 Shounak-1998 systemd[1]: Finished Network Manager Wait Online.
Feb 23 12:58:42 Shounak-1998 systemd[1]: Reached target Network is Online.
Feb 23 12:58:42 Shounak-1998 systemd[1]: Starting Login and scanning of iSCSI devices...
Feb 23 12:58:42 Shounak-1998 systemd[1]: Starting System Logging Service...
Feb 23 12:58:42 Shounak-1998 iscsiadm[878]: iscsiadm: No records found
Feb 23 12:58:42 Shounak-1998 systemd[1]: Starting Vsftpd ftp daemon...
Feb 23 12:58:42 Shounak-1998 systemd[1]: Finished Login and scanning of iSCSI devices.
Feb 23 12:58:42 Shounak-1998 systemd[1]: Started Vsftpd ftp daemon.
Feb 23 12:58:42 Shounak-1998 systemd[1]: Reached target Remote File Systems.
Feb 23 12:58:42 Shounak-1998 systemd[1]: Starting Crash recovery kernel arming...
Feb 23 12:58:42 Shounak-1998 systemd[1]: TPM2 PCR Barrier (User) was skipped because of an unmet condition check (ConditionPathExists=/sys/firmware/efi/efivars/StubPcrKernelImage-4a67b082-0a4c-41cf-b6c7-440b29bb8c4f).
Feb 23 12:58:42 Shounak-1998 systemd[1]: Starting Permit User Sessions...
Feb 23 12:58:42 Shounak-1998 systemd[1]: Reloading Login and scanning of iSCSI devices...
Feb 23 12:58:42 Shounak-1998 systemd[1]: Finished Permit User Sessions.
Feb 23 12:58:42 Shounak-1998 iscsiadm[893]: iscsiadm: No records found
Feb 23 12:58:42 Shounak-1998 systemd[1]: Started Deferred execution scheduler.
Feb 23 12:58:42 Shounak-1998 systemd[1]: Started Command Scheduler.
Feb 23 12:58:42 Shounak-1998 systemd[1]: Starting GNOME Display Manager...
Feb 23 12:58:42 Shounak-1998 systemd[1]: Starting Hold until boot process finishes up...
Feb 23 12:58:42 Shounak-1998 systemd[1]: Reloaded Login and scanning of iSCSI devices.
Feb 23 12:58:42 Shounak-1998 systemd[1]: Started GNOME Display Manager.
Feb 23 12:58:42 Shounak-1998 systemd[1]: Received SIGRTMIN+21 from PID 367 (plymouthd).
Feb 23 12:58:42 Shounak-1998 systemd[1]: Started System Logging Service.
Feb 23 12:58:42 Shounak-1998 rsyslogd[881]: [origin software="rsyslogd" swVersion="8.2310.0-3.el9" x-pid="881" x-info="https://www.rsyslog.com"] start
Feb 23 12:58:43 Shounak-1998 systemd-logind[738]: New session c1 of user gdm.
Feb 23 12:58:43 Shounak-1998 systemd[1]: Created slice User Slice of UID 42.
Feb 23 12:58:43 Shounak-1998 systemd[1]: Starting User Runtime Directory /run/user/42...
Feb 23 12:58:43 Shounak-1998 systemd[1]: Finished User Runtime Directory /run/user/42.
Feb 23 12:58:43 Shounak-1998 systemd[1]: Starting User Manager for UID 42...
Feb 23 12:58:43 Shounak-1998 rsyslogd[881]: imjournal: journal files changed, reloading...  [v8.2310.0-3.el9 try https://www.rsyslog.com/e/0 ]
Feb 23 12:58:43 Shounak-1998 avahi-daemon[720]: Server startup complete. Host name is Shounak-1998.local. Local service cookie is 2181548240.
Feb 23 12:58:43 Shounak-1998 systemd[960]: Queued start job for default target Main User Target.
Feb 23 12:58:43 Shounak-1998 systemd[960]: Created slice User Application Slice.
Feb 23 12:58:43 Shounak-1998 systemd[960]: Mark boot as successful after the user session has run 2 minutes was skipped because of an unmet condition check (ConditionUser=!@system).
Feb 23 12:58:43 Shounak-1998 systemd[960]: Started Daily Cleanup of User's Temporary Directories.
Feb 23 12:58:43 Shounak-1998 systemd[960]: Reached target Paths.
Feb 23 12:58:43 Shounak-1998 systemd[960]: Reached target Timers.
